📂 Processing centralized_model (Rules: Keep epochs 10-25 & 40)...
  ✅ [KEEPING] centralized_model/epoch_12.pth
  ✅ [KEEPING] centralized_model/epoch_13.pth
  ✅ [KEEPING] centralized_model/epoch_14.pth
  ✅ [KEEPING] centralized_model/epoch_15.pth
  ✅ [KEEPING] centralized_model/epoch_16.pth
  ✅ [KEEPING] centralized_model/epoch_17.pth
  ✅ [KEEPING] centralized_model/epoch_18.pth
  ✅ [KEEPING] centralized_model/epoch_10.pth
  ✅ [KEEPING] centralized_model/epoch_11.pth
  ✅ [KEEPING] centralized_model/epoch_19.pth
  ✅ [KEEPING] centralized_model/epoch_20.pth
  ✅ [KEEPING] centralized_model/epoch_21.pth
  ✅ [KEEPING] centralized_model/epoch_22.pth
  ✅ [KEEPING] centralized_model/epoch_23.pth
  ✅ [KEEPING] centralized_model/epoch_24.pth
  ✅ [KEEPING] centralized_model/epoch_25.pth
  🗑️ [DELETING] centralized_model/epoch_26.pth
  🗑️ [DELETING] centralized_model/epoch_27.pth
  🗑️ [DELETING] centralized_model/epoch_28.pth
  🗑️ [DELETING] centralized_model/epoch_29.pth
  🗑️ [DELETING] centralized_model/epoch_30.pth
  🗑️ [DELETING] centralized_model/epoch_31.pth
  🗑️ [DELETING] centralized_model/epoch_32.pth
  🗑️ [DELETING] centralized_model/epoch_33.pth
  🗑️ [DELETING] centralized_model/epoch_34.pth
  🗑️ [DELETING] centralized_model/epoch_35.pth
  🗑️ [DELETING] centralized_model/epoch_36.pth
  🗑️ [DELETING] centralized_model/epoch_37.pth
  🗑️ [DELETING] centralized_model/epoch_38.pth
  🗑️ [DELETING] centralized_model/epoch_39.pth
  ✅ [KEEPING] centralized_model/epoch_40.pth
📂 Processing FedAvg_40epochs (Rules: Keep epoch_40.pth only)...
  🗑️ [DELETING] FedAvg_40epochs/round_1/merged_A.pth
  🗑️ [DELETING] FedAvg_40epochs/round_1/merged_B.pth
  🗑️ [DELETING] FedAvg_40epochs/round_1/merged_C.pth
  🗑️ [DELETING] FedAvg_40epochs/round_1/merged_D.pth
  🗑️ [DELETING] FedAvg_40epochs/round_1/merged_E.pth
  🗑️ [DELETING] FedAvg_40epochs/round_2/merged_A.pth
  🗑️ [DELETING] FedAvg_40epochs/round_2/merged_B.pth
  🗑️ [DELETING] FedAvg_40epochs/round_2/merged_C.pth
  🗑️ [DELETING] FedAvg_40epochs/round_2/merged_D.pth
  🗑️ [DELETING] FedAvg_40epochs/round_2/merged_E.pth
  🗑️ [DELETING] FedAvg_40epochs/round_3/merged_A.pth
  🗑️ [DELETING] FedAvg_40epochs/round_3/merged_B.pth
  🗑️ [DELETING] FedAvg_40epochs/round_3/merged_C.pth
  🗑️ [DELETING] FedAvg_40epochs/round_3/merged_D.pth
  🗑️ [DELETING] FedAvg_40epochs/round_3/merged_E.pth
  🗑️ [DELETING] FedAvg_40epochs/round_4/merged_A.pth
  🗑️ [DELETING] FedAvg_40epochs/round_4/merged_B.pth
  🗑️ [DELETING] FedAvg_40epochs/round_4/merged_C.pth
  🗑️ [DELETING] FedAvg_40epochs/round_4/merged_D.pth
  🗑️ [DELETING] FedAvg_40epochs/round_4/merged_E.pth
  🗑️ [DELETING] FedAvg_40epochs/round_5/merged_A.pth
  🗑️ [DELETING] FedAvg_40epochs/round_5/merged_B.pth
  🗑️ [DELETING] FedAvg_40epochs/round_5/merged_C.pth
  🗑️ [DELETING] FedAvg_40epochs/round_5/merged_D.pth
  🗑️ [DELETING] FedAvg_40epochs/round_5/merged_E.pth
  🗑️ [DELETING] FedAvg_40epochs/round_6/merged_A.pth
  🗑️ [DELETING] FedAvg_40epochs/round_6/merged_B.pth
  🗑️ [DELETING] FedAvg_40epochs/round_6/merged_C.pth
  🗑️ [DELETING] FedAvg_40epochs/round_6/merged_D.pth
  🗑️ [DELETING] FedAvg_40epochs/round_6/merged_E.pth
  🗑️ [DELETING] FedAvg_40epochs/round_7/merged_A.pth
  🗑️ [DELETING] FedAvg_40epochs/round_7/merged_B.pth
  🗑️ [DELETING] FedAvg_40epochs/round_7/merged_C.pth
  🗑️ [DELETING] FedAvg_40epochs/round_7/merged_D.pth
  🗑️ [DELETING] FedAvg_40epochs/round_7/merged_E.pth
  🗑️ [DELETING] FedAvg_40epochs/round_8/merged_A.pth
  🗑️ [DELETING] FedAvg_40epochs/round_8/merged_B.pth
  🗑️ [DELETING] FedAvg_40epochs/round_8/merged_C.pth
  🗑️ [DELETING] FedAvg_40epochs/round_8/merged_D.pth
  🗑️ [DELETING] FedAvg_40epochs/round_8/merged_E.pth
  🗑️ [DELETING] FedAvg_40epochs/round_9/merged_A.pth
  🗑️ [DELETING] FedAvg_40epochs/round_9/merged_B.pth
  🗑️ [DELETING] FedAvg_40epochs/round_9/merged_C.pth
  🗑️ [DELETING] FedAvg_40epochs/round_9/merged_D.pth
  🗑️ [DELETING] FedAvg_40epochs/round_9/merged_E.pth
  🗑️ [DELETING] FedAvg_40epochs/round_10/ModelA/epoch_10.pth
  🗑️ [DELETING] FedAvg_40epochs/round_10/ModelB/epoch_10.pth
  🗑️ [DELETING] FedAvg_40epochs/round_10/ModelC/epoch_10.pth
  🗑️ [DELETING] FedAvg_40epochs/round_10/ModelD/epoch_10.pth
  🗑️ [DELETING] FedAvg_40epochs/round_10/ModelE/epoch_10.pth
  🗑️ [DELETING] FedAvg_40epochs/round_10/merged_A.pth
  🗑️ [DELETING] FedAvg_40epochs/round_10/merged_B.pth
  🗑️ [DELETING] FedAvg_40epochs/round_10/merged_C.pth
  🗑️ [DELETING] FedAvg_40epochs/round_10/merged_D.pth
  🗑️ [DELETING] FedAvg_40epochs/round_10/merged_E.pth
  🗑️ [DELETING] FedAvg_40epochs/round_11/ModelA/epoch_11.pth
  🗑️ [DELETING] FedAvg_40epochs/round_11/ModelB/epoch_11.pth
  🗑️ [DELETING] FedAvg_40epochs/round_11/ModelC/epoch_11.pth
  🗑️ [DELETING] FedAvg_40epochs/round_11/ModelD/epoch_11.pth
  🗑️ [DELETING] FedAvg_40epochs/round_11/ModelE/epoch_11.pth
  🗑️ [DELETING] FedAvg_40epochs/round_11/merged_A.pth
  🗑️ [DELETING] FedAvg_40epochs/round_11/merged_B.pth
  🗑️ [DELETING] FedAvg_40epochs/round_11/merged_C.pth
  🗑️ [DELETING] FedAvg_40epochs/round_11/merged_D.pth
  🗑️ [DELETING] FedAvg_40epochs/round_11/merged_E.pth
  🗑️ [DELETING] FedAvg_40epochs/round_12/ModelA/epoch_12.pth
  🗑️ [DELETING] FedAvg_40epochs/round_12/ModelB/epoch_12.pth
  🗑️ [DELETING] FedAvg_40epochs/round_12/ModelC/epoch_12.pth
  🗑️ [DELETING] FedAvg_40epochs/round_12/ModelD/epoch_12.pth
  🗑️ [DELETING] FedAvg_40epochs/round_12/ModelE/epoch_12.pth
  🗑️ [DELETING] FedAvg_40epochs/round_12/merged_A.pth
  🗑️ [DELETING] FedAvg_40epochs/round_12/merged_B.pth
  🗑️ [DELETING] FedAvg_40epochs/round_12/merged_C.pth
  🗑️ [DELETING] FedAvg_40epochs/round_12/merged_D.pth
  🗑️ [DELETING] FedAvg_40epochs/round_12/merged_E.pth
  🗑️ [DELETING] FedAvg_40epochs/round_13/ModelA/epoch_13.pth
  🗑️ [DELETING] FedAvg_40epochs/round_13/ModelB/epoch_13.pth
  🗑️ [DELETING] FedAvg_40epochs/round_13/ModelC/epoch_13.pth
  🗑️ [DELETING] FedAvg_40epochs/round_13/ModelD/epoch_13.pth
  🗑️ [DELETING] FedAvg_40epochs/round_13/ModelE/epoch_13.pth
  🗑️ [DELETING] FedAvg_40epochs/round_13/merged_A.pth
  🗑️ [DELETING] FedAvg_40epochs/round_13/merged_B.pth
  🗑️ [DELETING] FedAvg_40epochs/round_13/merged_C.pth
  🗑️ [DELETING] FedAvg_40epochs/round_13/merged_D.pth
  🗑️ [DELETING] FedAvg_40epochs/round_13/merged_E.pth
  🗑️ [DELETING] FedAvg_40epochs/round_14/ModelA/epoch_14.pth
  🗑️ [DELETING] FedAvg_40epochs/round_14/ModelB/epoch_14.pth
  🗑️ [DELETING] FedAvg_40epochs/round_14/ModelC/epoch_14.pth
  🗑️ [DELETING] FedAvg_40epochs/round_14/ModelD/epoch_14.pth
  🗑️ [DELETING] FedAvg_40epochs/round_14/ModelE/epoch_14.pth
  🗑️ [DELETING] FedAvg_40epochs/round_14/merged_A.pth
  🗑️ [DELETING] FedAvg_40epochs/round_14/merged_B.pth
  🗑️ [DELETING] FedAvg_40epochs/round_14/merged_C.pth
  🗑️ [DELETING] FedAvg_40epochs/round_14/merged_D.pth
  🗑️ [DELETING] FedAvg_40epochs/round_14/merged_E.pth
  🗑️ [DELETING] FedAvg_40epochs/round_15/ModelA/epoch_15.pth
  🗑️ [DELETING] FedAvg_40epochs/round_15/ModelB/epoch_15.pth
  🗑️ [DELETING] FedAvg_40epochs/round_15/ModelC/epoch_15.pth
  🗑️ [DELETING] FedAvg_40epochs/round_15/ModelD/epoch_15.pth
  🗑️ [DELETING] FedAvg_40epochs/round_15/ModelE/epoch_15.pth
  🗑️ [DELETING] FedAvg_40epochs/round_15/merged_A.pth
  🗑️ [DELETING] FedAvg_40epochs/round_15/merged_B.pth
  🗑️ [DELETING] FedAvg_40epochs/round_15/merged_C.pth
  🗑️ [DELETING] FedAvg_40epochs/round_15/merged_D.pth
  🗑️ [DELETING] FedAvg_40epochs/round_15/merged_E.pth
  🗑️ [DELETING] FedAvg_40epochs/round_16/ModelA/epoch_16.pth
  🗑️ [DELETING] FedAvg_40epochs/round_16/ModelB/epoch_16.pth
  🗑️ [DELETING] FedAvg_40epochs/round_16/ModelC/epoch_16.pth
  🗑️ [DELETING] FedAvg_40epochs/round_16/ModelD/epoch_16.pth
  🗑️ [DELETING] FedAvg_40epochs/round_16/ModelE/epoch_16.pth
  🗑️ [DELETING] FedAvg_40epochs/round_16/merged_A.pth
  🗑️ [DELETING] FedAvg_40epochs/round_16/merged_B.pth
  🗑️ [DELETING] FedAvg_40epochs/round_16/merged_C.pth
  🗑️ [DELETING] FedAvg_40epochs/round_16/merged_D.pth
  🗑️ [DELETING] FedAvg_40epochs/round_16/merged_E.pth
  🗑️ [DELETING] FedAvg_40epochs/round_17/ModelA/epoch_17.pth
  🗑️ [DELETING] FedAvg_40epochs/round_17/ModelB/epoch_17.pth
  🗑️ [DELETING] FedAvg_40epochs/round_17/ModelC/epoch_17.pth
  🗑️ [DELETING] FedAvg_40epochs/round_17/ModelD/epoch_17.pth
  🗑️ [DELETING] FedAvg_40epochs/round_17/ModelE/epoch_17.pth
  🗑️ [DELETING] FedAvg_40epochs/round_17/merged_A.pth
  🗑️ [DELETING] FedAvg_40epochs/round_17/merged_B.pth
  🗑️ [DELETING] FedAvg_40epochs/round_17/merged_C.pth
  🗑️ [DELETING] FedAvg_40epochs/round_17/merged_D.pth
  🗑️ [DELETING] FedAvg_40epochs/round_17/merged_E.pth
  🗑️ [DELETING] FedAvg_40epochs/round_18/ModelA/epoch_18.pth
  🗑️ [DELETING] FedAvg_40epochs/round_18/ModelB/epoch_18.pth
  🗑️ [DELETING] FedAvg_40epochs/round_18/ModelC/epoch_18.pth
  🗑️ [DELETING] FedAvg_40epochs/round_18/ModelD/epoch_18.pth
  🗑️ [DELETING] FedAvg_40epochs/round_18/ModelE/epoch_18.pth
  🗑️ [DELETING] FedAvg_40epochs/round_18/merged_A.pth
  🗑️ [DELETING] FedAvg_40epochs/round_18/merged_B.pth
  🗑️ [DELETING] FedAvg_40epochs/round_18/merged_C.pth
  🗑️ [DELETING] FedAvg_40epochs/round_18/merged_D.pth
  🗑️ [DELETING] FedAvg_40epochs/round_18/merged_E.pth
  🗑️ [DELETING] FedAvg_40epochs/round_19/ModelA/epoch_19.pth
  🗑️ [DELETING] FedAvg_40epochs/round_19/ModelB/epoch_19.pth
  🗑️ [DELETING] FedAvg_40epochs/round_19/ModelC/epoch_19.pth
  🗑️ [DELETING] FedAvg_40epochs/round_19/ModelD/epoch_19.pth
  🗑️ [DELETING] FedAvg_40epochs/round_19/ModelE/epoch_19.pth
  🗑️ [DELETING] FedAvg_40epochs/round_19/merged_A.pth
  🗑️ [DELETING] FedAvg_40epochs/round_19/merged_B.pth
  🗑️ [DELETING] FedAvg_40epochs/round_19/merged_C.pth
  🗑️ [DELETING] FedAvg_40epochs/round_19/merged_D.pth
  🗑️ [DELETING] FedAvg_40epochs/round_19/merged_E.pth
  🗑️ [DELETING] FedAvg_40epochs/round_20/ModelA/epoch_20.pth
  🗑️ [DELETING] FedAvg_40epochs/round_20/ModelB/epoch_20.pth
  🗑️ [DELETING] FedAvg_40epochs/round_20/ModelC/epoch_20.pth
  🗑️ [DELETING] FedAvg_40epochs/round_20/ModelD/epoch_20.pth
  🗑️ [DELETING] FedAvg_40epochs/round_20/ModelE/epoch_20.pth
  🗑️ [DELETING] FedAvg_40epochs/round_20/merged_A.pth
  🗑️ [DELETING] FedAvg_40epochs/round_20/merged_B.pth
  🗑️ [DELETING] FedAvg_40epochs/round_20/merged_C.pth
  🗑️ [DELETING] FedAvg_40epochs/round_20/merged_D.pth
  🗑️ [DELETING] FedAvg_40epochs/round_20/merged_E.pth
  🗑️ [DELETING] FedAvg_40epochs/round_21/ModelA/epoch_21.pth
  🗑️ [DELETING] FedAvg_40epochs/round_21/ModelB/epoch_21.pth
  🗑️ [DELETING] FedAvg_40epochs/round_21/ModelC/epoch_21.pth
  🗑️ [DELETING] FedAvg_40epochs/round_21/ModelD/epoch_21.pth
  🗑️ [DELETING] FedAvg_40epochs/round_21/ModelE/epoch_21.pth
  🗑️ [DELETING] FedAvg_40epochs/round_21/merged_A.pth
  🗑️ [DELETING] FedAvg_40epochs/round_21/merged_B.pth
  🗑️ [DELETING] FedAvg_40epochs/round_21/merged_C.pth
  🗑️ [DELETING] FedAvg_40epochs/round_21/merged_D.pth
  🗑️ [DELETING] FedAvg_40epochs/round_21/merged_E.pth
  🗑️ [DELETING] FedAvg_40epochs/round_22/ModelA/epoch_22.pth
  🗑️ [DELETING] FedAvg_40epochs/round_22/ModelB/epoch_22.pth
  🗑️ [DELETING] FedAvg_40epochs/round_22/ModelC/epoch_22.pth
  🗑️ [DELETING] FedAvg_40epochs/round_22/ModelD/epoch_22.pth
  🗑️ [DELETING] FedAvg_40epochs/round_22/ModelE/epoch_22.pth
  🗑️ [DELETING] FedAvg_40epochs/round_22/merged_A.pth
  🗑️ [DELETING] FedAvg_40epochs/round_22/merged_B.pth
  🗑️ [DELETING] FedAvg_40epochs/round_22/merged_C.pth
  🗑️ [DELETING] FedAvg_40epochs/round_22/merged_D.pth
  🗑️ [DELETING] FedAvg_40epochs/round_22/merged_E.pth
  🗑️ [DELETING] FedAvg_40epochs/round_23/ModelA/epoch_23.pth
  🗑️ [DELETING] FedAvg_40epochs/round_23/ModelB/epoch_23.pth
  🗑️ [DELETING] FedAvg_40epochs/round_23/ModelC/epoch_23.pth
  🗑️ [DELETING] FedAvg_40epochs/round_23/ModelD/epoch_23.pth
  🗑️ [DELETING] FedAvg_40epochs/round_23/ModelE/epoch_23.pth
  🗑️ [DELETING] FedAvg_40epochs/round_23/merged_A.pth
  🗑️ [DELETING] FedAvg_40epochs/round_23/merged_B.pth
  🗑️ [DELETING] FedAvg_40epochs/round_23/merged_C.pth
  🗑️ [DELETING] FedAvg_40epochs/round_23/merged_D.pth
  🗑️ [DELETING] FedAvg_40epochs/round_23/merged_E.pth
  🗑️ [DELETING] FedAvg_40epochs/round_24/ModelA/epoch_24.pth
  🗑️ [DELETING] FedAvg_40epochs/round_24/ModelB/epoch_24.pth
  🗑️ [DELETING] FedAvg_40epochs/round_24/ModelC/epoch_24.pth
  🗑️ [DELETING] FedAvg_40epochs/round_24/ModelD/epoch_24.pth
  🗑️ [DELETING] FedAvg_40epochs/round_24/ModelE/epoch_24.pth
  🗑️ [DELETING] FedAvg_40epochs/round_24/merged_A.pth
  🗑️ [DELETING] FedAvg_40epochs/round_24/merged_B.pth
  🗑️ [DELETING] FedAvg_40epochs/round_24/merged_C.pth
  🗑️ [DELETING] FedAvg_40epochs/round_24/merged_D.pth
  🗑️ [DELETING] FedAvg_40epochs/round_24/merged_E.pth
  🗑️ [DELETING] FedAvg_40epochs/round_25/ModelA/epoch_25.pth
  🗑️ [DELETING] FedAvg_40epochs/round_25/ModelB/epoch_25.pth
  🗑️ [DELETING] FedAvg_40epochs/round_25/ModelC/epoch_25.pth
  🗑️ [DELETING] FedAvg_40epochs/round_25/ModelD/epoch_25.pth
  🗑️ [DELETING] FedAvg_40epochs/round_25/ModelE/epoch_25.pth
  🗑️ [DELETING] FedAvg_40epochs/round_25/merged_A.pth
  🗑️ [DELETING] FedAvg_40epochs/round_25/merged_B.pth
  🗑️ [DELETING] FedAvg_40epochs/round_25/merged_C.pth
  🗑️ [DELETING] FedAvg_40epochs/round_25/merged_D.pth
  🗑️ [DELETING] FedAvg_40epochs/round_25/merged_E.pth
  🗑️ [DELETING] FedAvg_40epochs/round_26/ModelA/epoch_26.pth
  🗑️ [DELETING] FedAvg_40epochs/round_26/ModelB/epoch_26.pth
  🗑️ [DELETING] FedAvg_40epochs/round_26/ModelC/epoch_26.pth
  🗑️ [DELETING] FedAvg_40epochs/round_26/ModelD/epoch_26.pth
  🗑️ [DELETING] FedAvg_40epochs/round_26/ModelE/epoch_26.pth
  🗑️ [DELETING] FedAvg_40epochs/round_26/merged_A.pth
  🗑️ [DELETING] FedAvg_40epochs/round_26/merged_B.pth
  🗑️ [DELETING] FedAvg_40epochs/round_26/merged_C.pth
  🗑️ [DELETING] FedAvg_40epochs/round_26/merged_D.pth
  🗑️ [DELETING] FedAvg_40epochs/round_26/merged_E.pth
  🗑️ [DELETING] FedAvg_40epochs/round_27/ModelA/epoch_27.pth
  🗑️ [DELETING] FedAvg_40epochs/round_27/ModelB/epoch_27.pth
  🗑️ [DELETING] FedAvg_40epochs/round_27/ModelC/epoch_27.pth
  🗑️ [DELETING] FedAvg_40epochs/round_27/ModelD/epoch_27.pth
  🗑️ [DELETING] FedAvg_40epochs/round_27/ModelE/epoch_27.pth
  🗑️ [DELETING] FedAvg_40epochs/round_27/merged_A.pth
  🗑️ [DELETING] FedAvg_40epochs/round_27/merged_B.pth
  🗑️ [DELETING] FedAvg_40epochs/round_27/merged_C.pth
  🗑️ [DELETING] FedAvg_40epochs/round_27/merged_D.pth
  🗑️ [DELETING] FedAvg_40epochs/round_27/merged_E.pth
  🗑️ [DELETING] FedAvg_40epochs/round_28/ModelA/epoch_28.pth
  🗑️ [DELETING] FedAvg_40epochs/round_28/ModelB/epoch_28.pth
  🗑️ [DELETING] FedAvg_40epochs/round_28/ModelC/epoch_28.pth
  🗑️ [DELETING] FedAvg_40epochs/round_28/ModelD/epoch_28.pth
  🗑️ [DELETING] FedAvg_40epochs/round_28/ModelE/epoch_28.pth
  🗑️ [DELETING] FedAvg_40epochs/round_28/merged_A.pth
  🗑️ [DELETING] FedAvg_40epochs/round_28/merged_B.pth
  🗑️ [DELETING] FedAvg_40epochs/round_28/merged_C.pth
  🗑️ [DELETING] FedAvg_40epochs/round_28/merged_D.pth
  🗑️ [DELETING] FedAvg_40epochs/round_28/merged_E.pth
  🗑️ [DELETING] FedAvg_40epochs/round_29/ModelA/epoch_29.pth
  🗑️ [DELETING] FedAvg_40epochs/round_29/ModelB/epoch_29.pth
  🗑️ [DELETING] FedAvg_40epochs/round_29/ModelC/epoch_29.pth
  🗑️ [DELETING] FedAvg_40epochs/round_29/ModelD/epoch_29.pth
  🗑️ [DELETING] FedAvg_40epochs/round_29/ModelE/epoch_29.pth
  🗑️ [DELETING] FedAvg_40epochs/round_29/merged_A.pth
  🗑️ [DELETING] FedAvg_40epochs/round_29/merged_B.pth
  🗑️ [DELETING] FedAvg_40epochs/round_29/merged_C.pth
  🗑️ [DELETING] FedAvg_40epochs/round_29/merged_D.pth
  🗑️ [DELETING] FedAvg_40epochs/round_29/merged_E.pth
  🗑️ [DELETING] FedAvg_40epochs/round_30/ModelA/epoch_30.pth
  🗑️ [DELETING] FedAvg_40epochs/round_30/ModelB/epoch_30.pth
  🗑️ [DELETING] FedAvg_40epochs/round_30/ModelC/epoch_30.pth
  🗑️ [DELETING] FedAvg_40epochs/round_30/ModelD/epoch_30.pth
  🗑️ [DELETING] FedAvg_40epochs/round_30/ModelE/epoch_30.pth
  🗑️ [DELETING] FedAvg_40epochs/round_30/merged_A.pth
  🗑️ [DELETING] FedAvg_40epochs/round_30/merged_B.pth
  🗑️ [DELETING] FedAvg_40epochs/round_30/merged_C.pth
  🗑️ [DELETING] FedAvg_40epochs/round_30/merged_D.pth
  🗑️ [DELETING] FedAvg_40epochs/round_30/merged_E.pth
  🗑️ [DELETING] FedAvg_40epochs/round_31/ModelA/epoch_31.pth
  🗑️ [DELETING] FedAvg_40epochs/round_31/ModelB/epoch_31.pth
  🗑️ [DELETING] FedAvg_40epochs/round_31/ModelC/epoch_31.pth
  🗑️ [DELETING] FedAvg_40epochs/round_31/ModelD/epoch_31.pth
  🗑️ [DELETING] FedAvg_40epochs/round_31/ModelE/epoch_31.pth
  🗑️ [DELETING] FedAvg_40epochs/round_31/merged_A.pth
  🗑️ [DELETING] FedAvg_40epochs/round_31/merged_B.pth
  🗑️ [DELETING] FedAvg_40epochs/round_31/merged_C.pth
  🗑️ [DELETING] FedAvg_40epochs/round_31/merged_D.pth
  🗑️ [DELETING] FedAvg_40epochs/round_31/merged_E.pth
  🗑️ [DELETING] FedAvg_40epochs/round_32/ModelA/epoch_32.pth
  🗑️ [DELETING] FedAvg_40epochs/round_32/ModelB/epoch_32.pth
  🗑️ [DELETING] FedAvg_40epochs/round_32/ModelC/epoch_32.pth
  🗑️ [DELETING] FedAvg_40epochs/round_32/ModelD/epoch_32.pth
  🗑️ [DELETING] FedAvg_40epochs/round_32/ModelE/epoch_32.pth
  🗑️ [DELETING] FedAvg_40epochs/round_32/merged_A.pth
  🗑️ [DELETING] FedAvg_40epochs/round_32/merged_B.pth
  🗑️ [DELETING] FedAvg_40epochs/round_32/merged_C.pth
  🗑️ [DELETING] FedAvg_40epochs/round_32/merged_D.pth
  🗑️ [DELETING] FedAvg_40epochs/round_32/merged_E.pth
  🗑️ [DELETING] FedAvg_40epochs/round_33/ModelA/epoch_33.pth
  🗑️ [DELETING] FedAvg_40epochs/round_33/ModelB/epoch_33.pth
  🗑️ [DELETING] FedAvg_40epochs/round_33/ModelC/epoch_33.pth
  🗑️ [DELETING] FedAvg_40epochs/round_33/ModelD/epoch_33.pth
  🗑️ [DELETING] FedAvg_40epochs/round_33/ModelE/epoch_33.pth
  🗑️ [DELETING] FedAvg_40epochs/round_33/merged_A.pth
  🗑️ [DELETING] FedAvg_40epochs/round_33/merged_B.pth
  🗑️ [DELETING] FedAvg_40epochs/round_33/merged_C.pth
  🗑️ [DELETING] FedAvg_40epochs/round_33/merged_D.pth
  🗑️ [DELETING] FedAvg_40epochs/round_33/merged_E.pth
  🗑️ [DELETING] FedAvg_40epochs/round_34/ModelA/epoch_34.pth
  🗑️ [DELETING] FedAvg_40epochs/round_34/ModelB/epoch_34.pth
  🗑️ [DELETING] FedAvg_40epochs/round_34/ModelC/epoch_34.pth
  🗑️ [DELETING] FedAvg_40epochs/round_34/ModelD/epoch_34.pth
  🗑️ [DELETING] FedAvg_40epochs/round_34/ModelE/epoch_34.pth
  🗑️ [DELETING] FedAvg_40epochs/round_34/merged_A.pth
  🗑️ [DELETING] FedAvg_40epochs/round_34/merged_B.pth
  🗑️ [DELETING] FedAvg_40epochs/round_34/merged_C.pth
  🗑️ [DELETING] FedAvg_40epochs/round_34/merged_D.pth
  🗑️ [DELETING] FedAvg_40epochs/round_34/merged_E.pth
  🗑️ [DELETING] FedAvg_40epochs/round_35/ModelA/epoch_35.pth
  🗑️ [DELETING] FedAvg_40epochs/round_35/ModelB/epoch_35.pth
  🗑️ [DELETING] FedAvg_40epochs/round_35/ModelC/epoch_35.pth
  🗑️ [DELETING] FedAvg_40epochs/round_35/ModelD/epoch_35.pth
  🗑️ [DELETING] FedAvg_40epochs/round_35/ModelE/epoch_35.pth
  🗑️ [DELETING] FedAvg_40epochs/round_35/merged_A.pth
  🗑️ [DELETING] FedAvg_40epochs/round_35/merged_B.pth
  🗑️ [DELETING] FedAvg_40epochs/round_35/merged_C.pth
  🗑️ [DELETING] FedAvg_40epochs/round_35/merged_D.pth
  🗑️ [DELETING] FedAvg_40epochs/round_35/merged_E.pth
  🗑️ [DELETING] FedAvg_40epochs/round_36/ModelA/epoch_36.pth
  🗑️ [DELETING] FedAvg_40epochs/round_36/ModelB/epoch_36.pth
  🗑️ [DELETING] FedAvg_40epochs/round_36/ModelC/epoch_36.pth
  🗑️ [DELETING] FedAvg_40epochs/round_36/ModelD/epoch_36.pth
  🗑️ [DELETING] FedAvg_40epochs/round_36/ModelE/epoch_36.pth
  🗑️ [DELETING] FedAvg_40epochs/round_36/merged_A.pth
  🗑️ [DELETING] FedAvg_40epochs/round_36/merged_B.pth
  🗑️ [DELETING] FedAvg_40epochs/round_36/merged_C.pth
  🗑️ [DELETING] FedAvg_40epochs/round_36/merged_D.pth
  🗑️ [DELETING] FedAvg_40epochs/round_36/merged_E.pth
  🗑️ [DELETING] FedAvg_40epochs/round_37/ModelA/epoch_37.pth
  🗑️ [DELETING] FedAvg_40epochs/round_37/ModelB/epoch_37.pth
  🗑️ [DELETING] FedAvg_40epochs/round_37/ModelC/epoch_37.pth
  🗑️ [DELETING] FedAvg_40epochs/round_37/ModelD/epoch_37.pth
  🗑️ [DELETING] FedAvg_40epochs/round_37/ModelE/epoch_37.pth
  🗑️ [DELETING] FedAvg_40epochs/round_37/merged_A.pth
  🗑️ [DELETING] FedAvg_40epochs/round_37/merged_B.pth
  🗑️ [DELETING] FedAvg_40epochs/round_37/merged_C.pth
  🗑️ [DELETING] FedAvg_40epochs/round_37/merged_D.pth
  🗑️ [DELETING] FedAvg_40epochs/round_37/merged_E.pth
  🗑️ [DELETING] FedAvg_40epochs/round_38/ModelA/epoch_38.pth
  🗑️ [DELETING] FedAvg_40epochs/round_38/ModelB/epoch_38.pth
  🗑️ [DELETING] FedAvg_40epochs/round_38/ModelC/epoch_38.pth
  🗑️ [DELETING] FedAvg_40epochs/round_38/ModelD/epoch_38.pth
  🗑️ [DELETING] FedAvg_40epochs/round_38/ModelE/epoch_38.pth
  🗑️ [DELETING] FedAvg_40epochs/round_38/merged_A.pth
  🗑️ [DELETING] FedAvg_40epochs/round_38/merged_B.pth
  🗑️ [DELETING] FedAvg_40epochs/round_38/merged_C.pth
  🗑️ [DELETING] FedAvg_40epochs/round_38/merged_D.pth
  🗑️ [DELETING] FedAvg_40epochs/round_38/merged_E.pth
  🗑️ [DELETING] FedAvg_40epochs/round_39/ModelA/epoch_39.pth
  🗑️ [DELETING] FedAvg_40epochs/round_39/ModelB/epoch_39.pth
  🗑️ [DELETING] FedAvg_40epochs/round_39/ModelC/epoch_39.pth
  🗑️ [DELETING] FedAvg_40epochs/round_39/ModelD/epoch_39.pth
  🗑️ [DELETING] FedAvg_40epochs/round_39/ModelE/epoch_39.pth
  🗑️ [DELETING] FedAvg_40epochs/round_39/merged_A.pth
  🗑️ [DELETING] FedAvg_40epochs/round_39/merged_B.pth
  🗑️ [DELETING] FedAvg_40epochs/round_39/merged_C.pth
  🗑️ [DELETING] FedAvg_40epochs/round_39/merged_D.pth
  🗑️ [DELETING] FedAvg_40epochs/round_39/merged_E.pth
  🗑️ [DELETING] FedAvg_40epochs/round_40/merged_A.pth
  🗑️ [DELETING] FedAvg_40epochs/round_40/merged_B.pth
  🗑️ [DELETING] FedAvg_40epochs/round_40/merged_C.pth
  🗑️ [DELETING] FedAvg_40epochs/round_40/merged_D.pth
  🗑️ [DELETING] FedAvg_40epochs/round_40/merged_E.pth
📂 Processing FedAvg_singleclientDebug_40epochs (Rules: Keep epoch_40.pth only)...
  🗑️ [DELETING] FedAvg_singleclientDebug_40epochs/round_1/ModelA/epoch_1.pth
  🗑️ [DELETING] FedAvg_singleclientDebug_40epochs/round_1/merged_A.pth
  🗑️ [DELETING] FedAvg_singleclientDebug_40epochs/round_1/merged_B.pth
  🗑️ [DELETING] FedAvg_singleclientDebug_40epochs/round_1/merged_C.pth
  🗑️ [DELETING] FedAvg_singleclientDebug_40epochs/round_1/merged_D.pth
  🗑️ [DELETING] FedAvg_singleclientDebug_40epochs/round_1/merged_E.pth
  🗑️ [DELETING] FedAvg_singleclientDebug_40epochs/round_2/ModelA/epoch_2.pth
  🗑️ [DELETING] FedAvg_singleclientDebug_40epochs/round_2/merged_A.pth
  🗑️ [DELETING] FedAvg_singleclientDebug_40epochs/round_2/merged_B.pth
  🗑️ [DELETING] FedAvg_singleclientDebug_40epochs/round_2/merged_C.pth
  🗑️ [DELETING] FedAvg_singleclientDebug_40epochs/round_2/merged_D.pth
  🗑️ [DELETING] FedAvg_singleclientDebug_40epochs/round_2/merged_E.pth
  🗑️ [DELETING] FedAvg_singleclientDebug_40epochs/round_3/ModelA/epoch_3.pth
  🗑️ [DELETING] FedAvg_singleclientDebug_40epochs/round_3/merged_A.pth
  🗑️ [DELETING] FedAvg_singleclientDebug_40epochs/round_3/merged_B.pth
  🗑️ [DELETING] FedAvg_singleclientDebug_40epochs/round_3/merged_C.pth
  🗑️ [DELETING] FedAvg_singleclientDebug_40epochs/round_3/merged_D.pth
  🗑️ [DELETING] FedAvg_singleclientDebug_40epochs/round_3/merged_E.pth
  🗑️ [DELETING] FedAvg_singleclientDebug_40epochs/round_4/ModelA/epoch_4.pth
  🗑️ [DELETING] FedAvg_singleclientDebug_40epochs/round_4/merged_A.pth
  🗑️ [DELETING] FedAvg_singleclientDebug_40epochs/round_4/merged_B.pth
  🗑️ [DELETING] FedAvg_singleclientDebug_40epochs/round_4/merged_C.pth
  🗑️ [DELETING] FedAvg_singleclientDebug_40epochs/round_4/merged_D.pth
  🗑️ [DELETING] FedAvg_singleclientDebug_40epochs/round_4/merged_E.pth
  🗑️ [DELETING] FedAvg_singleclientDebug_40epochs/round_5/ModelA/epoch_5.pth
  🗑️ [DELETING] FedAvg_singleclientDebug_40epochs/round_5/merged_A.pth
  🗑️ [DELETING] FedAvg_singleclientDebug_40epochs/round_5/merged_B.pth
  🗑️ [DELETING] FedAvg_singleclientDebug_40epochs/round_5/merged_C.pth
  🗑️ [DELETING] FedAvg_singleclientDebug_40epochs/round_5/merged_D.pth
  🗑️ [DELETING] FedAvg_singleclientDebug_40epochs/round_5/merged_E.pth
  🗑️ [DELETING] FedAvg_singleclientDebug_40epochs/round_6/ModelA/epoch_6.pth
  🗑️ [DELETING] FedAvg_singleclientDebug_40epochs/round_6/merged_A.pth
  🗑️ [DELETING] FedAvg_singleclientDebug_40epochs/round_6/merged_B.pth
  🗑️ [DELETING] FedAvg_singleclientDebug_40epochs/round_6/merged_C.pth
  🗑️ [DELETING] FedAvg_singleclientDebug_40epochs/round_6/merged_D.pth
  🗑️ [DELETING] FedAvg_singleclientDebug_40epochs/round_6/merged_E.pth
  🗑️ [DELETING] FedAvg_singleclientDebug_40epochs/round_7/ModelA/epoch_7.pth
  🗑️ [DELETING] FedAvg_singleclientDebug_40epochs/round_7/merged_A.pth
  🗑️ [DELETING] FedAvg_singleclientDebug_40epochs/round_7/merged_B.pth
  🗑️ [DELETING] FedAvg_singleclientDebug_40epochs/round_7/merged_C.pth
  🗑️ [DELETING] FedAvg_singleclientDebug_40epochs/round_7/merged_D.pth
  🗑️ [DELETING] FedAvg_singleclientDebug_40epochs/round_7/merged_E.pth
  🗑️ [DELETING] FedAvg_singleclientDebug_40epochs/round_8/ModelA/epoch_8.pth
  🗑️ [DELETING] FedAvg_singleclientDebug_40epochs/round_8/merged_A.pth
  🗑️ [DELETING] FedAvg_singleclientDebug_40epochs/round_8/merged_B.pth
  🗑️ [DELETING] FedAvg_singleclientDebug_40epochs/round_8/merged_C.pth
  🗑️ [DELETING] FedAvg_singleclientDebug_40epochs/round_8/merged_D.pth
  🗑️ [DELETING] FedAvg_singleclientDebug_40epochs/round_8/merged_E.pth
  🗑️ [DELETING] FedAvg_singleclientDebug_40epochs/round_9/ModelA/epoch_9.pth
  🗑️ [DELETING] FedAvg_singleclientDebug_40epochs/round_9/merged_A.pth
  🗑️ [DELETING] FedAvg_singleclientDebug_40epochs/round_9/merged_B.pth
  🗑️ [DELETING] FedAvg_singleclientDebug_40epochs/round_9/merged_C.pth
  🗑️ [DELETING] FedAvg_singleclientDebug_40epochs/round_9/merged_D.pth
  🗑️ [DELETING] FedAvg_singleclientDebug_40epochs/round_9/merged_E.pth
  🗑️ [DELETING] FedAvg_singleclientDebug_40epochs/round_10/ModelA/epoch_10.pth
  🗑️ [DELETING] FedAvg_singleclientDebug_40epochs/round_10/merged_A.pth
  🗑️ [DELETING] FedAvg_singleclientDebug_40epochs/round_10/merged_B.pth
  🗑️ [DELETING] FedAvg_singleclientDebug_40epochs/round_10/merged_C.pth
  🗑️ [DELETING] FedAvg_singleclientDebug_40epochs/round_10/merged_D.pth
  🗑️ [DELETING] FedAvg_singleclientDebug_40epochs/round_10/merged_E.pth
  🗑️ [DELETING] FedAvg_singleclientDebug_40epochs/round_11/ModelA/epoch_11.pth
  🗑️ [DELETING] FedAvg_singleclientDebug_40epochs/round_11/merged_A.pth
  🗑️ [DELETING] FedAvg_singleclientDebug_40epochs/round_11/merged_B.pth
  🗑️ [DELETING] FedAvg_singleclientDebug_40epochs/round_11/merged_C.pth
  🗑️ [DELETING] FedAvg_singleclientDebug_40epochs/round_11/merged_D.pth
  🗑️ [DELETING] FedAvg_singleclientDebug_40epochs/round_11/merged_E.pth
  🗑️ [DELETING] FedAvg_singleclientDebug_40epochs/round_12/ModelA/epoch_12.pth
  🗑️ [DELETING] FedAvg_singleclientDebug_40epochs/round_12/merged_A.pth
  🗑️ [DELETING] FedAvg_singleclientDebug_40epochs/round_12/merged_B.pth
  🗑️ [DELETING] FedAvg_singleclientDebug_40epochs/round_12/merged_C.pth
  🗑️ [DELETING] FedAvg_singleclientDebug_40epochs/round_12/merged_D.pth
  🗑️ [DELETING] FedAvg_singleclientDebug_40epochs/round_12/merged_E.pth
  🗑️ [DELETING] FedAvg_singleclientDebug_40epochs/round_13/ModelA/epoch_13.pth
  🗑️ [DELETING] FedAvg_singleclientDebug_40epochs/round_13/merged_A.pth
  🗑️ [DELETING] FedAvg_singleclientDebug_40epochs/round_13/merged_B.pth
  🗑️ [DELETING] FedAvg_singleclientDebug_40epochs/round_13/merged_C.pth
  🗑️ [DELETING] FedAvg_singleclientDebug_40epochs/round_13/merged_D.pth
  🗑️ [DELETING] FedAvg_singleclientDebug_40epochs/round_13/merged_E.pth
  🗑️ [DELETING] FedAvg_singleclientDebug_40epochs/round_14/ModelA/epoch_14.pth
  🗑️ [DELETING] FedAvg_singleclientDebug_40epochs/round_14/merged_A.pth
  🗑️ [DELETING] FedAvg_singleclientDebug_40epochs/round_14/merged_B.pth
  🗑️ [DELETING] FedAvg_singleclientDebug_40epochs/round_14/merged_C.pth
  🗑️ [DELETING] FedAvg_singleclientDebug_40epochs/round_14/merged_D.pth
  🗑️ [DELETING] FedAvg_singleclientDebug_40epochs/round_14/merged_E.pth
  🗑️ [DELETING] FedAvg_singleclientDebug_40epochs/round_15/ModelA/epoch_15.pth
  🗑️ [DELETING] FedAvg_singleclientDebug_40epochs/round_15/merged_A.pth
  🗑️ [DELETING] FedAvg_singleclientDebug_40epochs/round_15/merged_B.pth
  🗑️ [DELETING] FedAvg_singleclientDebug_40epochs/round_15/merged_C.pth
  🗑️ [DELETING] FedAvg_singleclientDebug_40epochs/round_15/merged_D.pth
  🗑️ [DELETING] FedAvg_singleclientDebug_40epochs/round_15/merged_E.pth
  🗑️ [DELETING] FedAvg_singleclientDebug_40epochs/round_16/ModelA/epoch_16.pth
  🗑️ [DELETING] FedAvg_singleclientDebug_40epochs/round_16/merged_A.pth
  🗑️ [DELETING] FedAvg_singleclientDebug_40epochs/round_16/merged_B.pth
  🗑️ [DELETING] FedAvg_singleclientDebug_40epochs/round_16/merged_C.pth
  🗑️ [DELETING] FedAvg_singleclientDebug_40epochs/round_16/merged_D.pth
  🗑️ [DELETING] FedAvg_singleclientDebug_40epochs/round_16/merged_E.pth
  🗑️ [DELETING] FedAvg_singleclientDebug_40epochs/round_17/ModelA/epoch_17.pth
  🗑️ [DELETING] FedAvg_singleclientDebug_40epochs/round_17/merged_A.pth
  🗑️ [DELETING] FedAvg_singleclientDebug_40epochs/round_17/merged_B.pth
  🗑️ [DELETING] FedAvg_singleclientDebug_40epochs/round_17/merged_C.pth
  🗑️ [DELETING] FedAvg_singleclientDebug_40epochs/round_17/merged_D.pth
  🗑️ [DELETING] FedAvg_singleclientDebug_40epochs/round_17/merged_E.pth
  🗑️ [DELETING] FedAvg_singleclientDebug_40epochs/round_18/ModelA/epoch_18.pth
  🗑️ [DELETING] FedAvg_singleclientDebug_40epochs/round_18/merged_A.pth
  🗑️ [DELETING] FedAvg_singleclientDebug_40epochs/round_18/merged_B.pth
  🗑️ [DELETING] FedAvg_singleclientDebug_40epochs/round_18/merged_C.pth
  🗑️ [DELETING] FedAvg_singleclientDebug_40epochs/round_18/merged_D.pth
  🗑️ [DELETING] FedAvg_singleclientDebug_40epochs/round_18/merged_E.pth
  🗑️ [DELETING] FedAvg_singleclientDebug_40epochs/round_19/ModelA/epoch_19.pth
  🗑️ [DELETING] FedAvg_singleclientDebug_40epochs/round_19/merged_A.pth
  🗑️ [DELETING] FedAvg_singleclientDebug_40epochs/round_19/merged_B.pth
  🗑️ [DELETING] FedAvg_singleclientDebug_40epochs/round_19/merged_C.pth
  🗑️ [DELETING] FedAvg_singleclientDebug_40epochs/round_19/merged_D.pth
  🗑️ [DELETING] FedAvg_singleclientDebug_40epochs/round_19/merged_E.pth
  🗑️ [DELETING] FedAvg_singleclientDebug_40epochs/round_20/ModelA/epoch_20.pth
  🗑️ [DELETING] FedAvg_singleclientDebug_40epochs/round_20/merged_A.pth
  🗑️ [DELETING] FedAvg_singleclientDebug_40epochs/round_20/merged_B.pth
  🗑️ [DELETING] FedAvg_singleclientDebug_40epochs/round_20/merged_C.pth
  🗑️ [DELETING] FedAvg_singleclientDebug_40epochs/round_20/merged_D.pth
  🗑️ [DELETING] FedAvg_singleclientDebug_40epochs/round_20/merged_E.pth
  🗑️ [DELETING] FedAvg_singleclientDebug_40epochs/round_21/ModelA/epoch_21.pth
  🗑️ [DELETING] FedAvg_singleclientDebug_40epochs/round_21/merged_A.pth
  🗑️ [DELETING] FedAvg_singleclientDebug_40epochs/round_21/merged_B.pth
  🗑️ [DELETING] FedAvg_singleclientDebug_40epochs/round_21/merged_C.pth
  🗑️ [DELETING] FedAvg_singleclientDebug_40epochs/round_21/merged_D.pth
  🗑️ [DELETING] FedAvg_singleclientDebug_40epochs/round_21/merged_E.pth
  🗑️ [DELETING] FedAvg_singleclientDebug_40epochs/round_22/ModelA/epoch_22.pth
  🗑️ [DELETING] FedAvg_singleclientDebug_40epochs/round_22/merged_A.pth
  🗑️ [DELETING] FedAvg_singleclientDebug_40epochs/round_22/merged_B.pth
  🗑️ [DELETING] FedAvg_singleclientDebug_40epochs/round_22/merged_C.pth
  🗑️ [DELETING] FedAvg_singleclientDebug_40epochs/round_22/merged_D.pth
  🗑️ [DELETING] FedAvg_singleclientDebug_40epochs/round_22/merged_E.pth
  🗑️ [DELETING] FedAvg_singleclientDebug_40epochs/round_23/ModelA/epoch_23.pth
  🗑️ [DELETING] FedAvg_singleclientDebug_40epochs/round_23/merged_A.pth
  🗑️ [DELETING] FedAvg_singleclientDebug_40epochs/round_23/merged_B.pth
  🗑️ [DELETING] FedAvg_singleclientDebug_40epochs/round_23/merged_C.pth
  🗑️ [DELETING] FedAvg_singleclientDebug_40epochs/round_23/merged_D.pth
  🗑️ [DELETING] FedAvg_singleclientDebug_40epochs/round_23/merged_E.pth
  🗑️ [DELETING] FedAvg_singleclientDebug_40epochs/round_24/ModelA/epoch_24.pth
  🗑️ [DELETING] FedAvg_singleclientDebug_40epochs/round_24/merged_A.pth
  🗑️ [DELETING] FedAvg_singleclientDebug_40epochs/round_24/merged_B.pth
  🗑️ [DELETING] FedAvg_singleclientDebug_40epochs/round_24/merged_C.pth
  🗑️ [DELETING] FedAvg_singleclientDebug_40epochs/round_24/merged_D.pth
  🗑️ [DELETING] FedAvg_singleclientDebug_40epochs/round_24/merged_E.pth
  🗑️ [DELETING] FedAvg_singleclientDebug_40epochs/round_25/ModelA/epoch_25.pth
  🗑️ [DELETING] FedAvg_singleclientDebug_40epochs/round_25/merged_A.pth
  🗑️ [DELETING] FedAvg_singleclientDebug_40epochs/round_25/merged_B.pth
  🗑️ [DELETING] FedAvg_singleclientDebug_40epochs/round_25/merged_C.pth
  🗑️ [DELETING] FedAvg_singleclientDebug_40epochs/round_25/merged_D.pth
  🗑️ [DELETING] FedAvg_singleclientDebug_40epochs/round_25/merged_E.pth
  🗑️ [DELETING] FedAvg_singleclientDebug_40epochs/round_26/ModelA/epoch_26.pth
  🗑️ [DELETING] FedAvg_singleclientDebug_40epochs/round_26/merged_A.pth
  🗑️ [DELETING] FedAvg_singleclientDebug_40epochs/round_26/merged_B.pth
  🗑️ [DELETING] FedAvg_singleclientDebug_40epochs/round_26/merged_C.pth
  🗑️ [DELETING] FedAvg_singleclientDebug_40epochs/round_26/merged_D.pth
  🗑️ [DELETING] FedAvg_singleclientDebug_40epochs/round_26/merged_E.pth
  🗑️ [DELETING] FedAvg_singleclientDebug_40epochs/round_27/ModelA/epoch_27.pth
  🗑️ [DELETING] FedAvg_singleclientDebug_40epochs/round_27/merged_A.pth
  🗑️ [DELETING] FedAvg_singleclientDebug_40epochs/round_27/merged_B.pth
  🗑️ [DELETING] FedAvg_singleclientDebug_40epochs/round_27/merged_C.pth
  🗑️ [DELETING] FedAvg_singleclientDebug_40epochs/round_27/merged_D.pth
  🗑️ [DELETING] FedAvg_singleclientDebug_40epochs/round_27/merged_E.pth
  🗑️ [DELETING] FedAvg_singleclientDebug_40epochs/round_28/ModelA/epoch_28.pth
  🗑️ [DELETING] FedAvg_singleclientDebug_40epochs/round_28/merged_A.pth
  🗑️ [DELETING] FedAvg_singleclientDebug_40epochs/round_28/merged_B.pth
  🗑️ [DELETING] FedAvg_singleclientDebug_40epochs/round_28/merged_C.pth
  🗑️ [DELETING] FedAvg_singleclientDebug_40epochs/round_28/merged_D.pth
  🗑️ [DELETING] FedAvg_singleclientDebug_40epochs/round_28/merged_E.pth
  🗑️ [DELETING] FedAvg_singleclientDebug_40epochs/round_29/ModelA/epoch_29.pth
  🗑️ [DELETING] FedAvg_singleclientDebug_40epochs/round_29/merged_A.pth
  🗑️ [DELETING] FedAvg_singleclientDebug_40epochs/round_29/merged_B.pth
  🗑️ [DELETING] FedAvg_singleclientDebug_40epochs/round_29/merged_C.pth
  🗑️ [DELETING] FedAvg_singleclientDebug_40epochs/round_29/merged_D.pth
  🗑️ [DELETING] FedAvg_singleclientDebug_40epochs/round_29/merged_E.pth
  🗑️ [DELETING] FedAvg_singleclientDebug_40epochs/round_30/ModelA/epoch_30.pth
  🗑️ [DELETING] FedAvg_singleclientDebug_40epochs/round_30/merged_A.pth
  🗑️ [DELETING] FedAvg_singleclientDebug_40epochs/round_30/merged_B.pth
  🗑️ [DELETING] FedAvg_singleclientDebug_40epochs/round_30/merged_C.pth
  🗑️ [DELETING] FedAvg_singleclientDebug_40epochs/round_30/merged_D.pth
  🗑️ [DELETING] FedAvg_singleclientDebug_40epochs/round_30/merged_E.pth
  🗑️ [DELETING] FedAvg_singleclientDebug_40epochs/round_31/ModelA/epoch_31.pth
  🗑️ [DELETING] FedAvg_singleclientDebug_40epochs/round_31/merged_A.pth
  🗑️ [DELETING] FedAvg_singleclientDebug_40epochs/round_31/merged_B.pth
  🗑️ [DELETING] FedAvg_singleclientDebug_40epochs/round_31/merged_C.pth
  🗑️ [DELETING] FedAvg_singleclientDebug_40epochs/round_31/merged_D.pth
  🗑️ [DELETING] FedAvg_singleclientDebug_40epochs/round_31/merged_E.pth
  🗑️ [DELETING] FedAvg_singleclientDebug_40epochs/round_32/ModelA/epoch_32.pth
  🗑️ [DELETING] FedAvg_singleclientDebug_40epochs/round_32/merged_A.pth
  🗑️ [DELETING] FedAvg_singleclientDebug_40epochs/round_32/merged_B.pth
  🗑️ [DELETING] FedAvg_singleclientDebug_40epochs/round_32/merged_C.pth
  🗑️ [DELETING] FedAvg_singleclientDebug_40epochs/round_32/merged_D.pth
  🗑️ [DELETING] FedAvg_singleclientDebug_40epochs/round_32/merged_E.pth
  🗑️ [DELETING] FedAvg_singleclientDebug_40epochs/round_33/ModelA/epoch_33.pth
  🗑️ [DELETING] FedAvg_singleclientDebug_40epochs/round_33/merged_A.pth
  🗑️ [DELETING] FedAvg_singleclientDebug_40epochs/round_33/merged_B.pth
  🗑️ [DELETING] FedAvg_singleclientDebug_40epochs/round_33/merged_C.pth
  🗑️ [DELETING] FedAvg_singleclientDebug_40epochs/round_33/merged_D.pth
  🗑️ [DELETING] FedAvg_singleclientDebug_40epochs/round_33/merged_E.pth
  🗑️ [DELETING] FedAvg_singleclientDebug_40epochs/round_34/ModelA/epoch_34.pth
📂 Processing FedAvg_singleclientDebug_noOptReset_40epochs (Rules: Keep epoch_40.pth only)...
  🗑️ [DELETING] FedAvg_singleclientDebug_noOptReset_40epochs/round_1/ModelA/epoch_1.pth
  🗑️ [DELETING] FedAvg_singleclientDebug_noOptReset_40epochs/round_1/merged_A.pth
  🗑️ [DELETING] FedAvg_singleclientDebug_noOptReset_40epochs/round_1/merged_B.pth
  🗑️ [DELETING] FedAvg_singleclientDebug_noOptReset_40epochs/round_1/merged_C.pth
  🗑️ [DELETING] FedAvg_singleclientDebug_noOptReset_40epochs/round_1/merged_D.pth
  🗑️ [DELETING] FedAvg_singleclientDebug_noOptReset_40epochs/round_1/merged_E.pth
  🗑️ [DELETING] FedAvg_singleclientDebug_noOptReset_40epochs/round_2/ModelA/epoch_2.pth
  🗑️ [DELETING] FedAvg_singleclientDebug_noOptReset_40epochs/round_2/merged_A.pth
  🗑️ [DELETING] FedAvg_singleclientDebug_noOptReset_40epochs/round_2/merged_B.pth
  🗑️ [DELETING] FedAvg_singleclientDebug_noOptReset_40epochs/round_2/merged_C.pth
  🗑️ [DELETING] FedAvg_singleclientDebug_noOptReset_40epochs/round_2/merged_D.pth
  🗑️ [DELETING] FedAvg_singleclientDebug_noOptReset_40epochs/round_2/merged_E.pth
  🗑️ [DELETING] FedAvg_singleclientDebug_noOptReset_40epochs/round_3/ModelA/epoch_3.pth
  🗑️ [DELETING] FedAvg_singleclientDebug_noOptReset_40epochs/round_3/merged_A.pth
  🗑️ [DELETING] FedAvg_singleclientDebug_noOptReset_40epochs/round_3/merged_B.pth
  🗑️ [DELETING] FedAvg_singleclientDebug_noOptReset_40epochs/round_3/merged_C.pth
  🗑️ [DELETING] FedAvg_singleclientDebug_noOptReset_40epochs/round_3/merged_D.pth
  🗑️ [DELETING] FedAvg_singleclientDebug_noOptReset_40epochs/round_3/merged_E.pth
  🗑️ [DELETING] FedAvg_singleclientDebug_noOptReset_40epochs/round_4/ModelA/epoch_4.pth
  🗑️ [DELETING] FedAvg_singleclientDebug_noOptReset_40epochs/round_4/merged_A.pth
  🗑️ [DELETING] FedAvg_singleclientDebug_noOptReset_40epochs/round_4/merged_B.pth
  🗑️ [DELETING] FedAvg_singleclientDebug_noOptReset_40epochs/round_4/merged_C.pth
  🗑️ [DELETING] FedAvg_singleclientDebug_noOptReset_40epochs/round_4/merged_D.pth
  🗑️ [DELETING] FedAvg_singleclientDebug_noOptReset_40epochs/round_4/merged_E.pth
  🗑️ [DELETING] FedAvg_singleclientDebug_noOptReset_40epochs/round_5/ModelA/epoch_5.pth
  🗑️ [DELETING] FedAvg_singleclientDebug_noOptReset_40epochs/round_5/merged_A.pth
  🗑️ [DELETING] FedAvg_singleclientDebug_noOptReset_40epochs/round_5/merged_B.pth
  🗑️ [DELETING] FedAvg_singleclientDebug_noOptReset_40epochs/round_5/merged_C.pth
  🗑️ [DELETING] FedAvg_singleclientDebug_noOptReset_40epochs/round_5/merged_D.pth
  🗑️ [DELETING] FedAvg_singleclientDebug_noOptReset_40epochs/round_5/merged_E.pth
  🗑️ [DELETING] FedAvg_singleclientDebug_noOptReset_40epochs/round_6/ModelA/epoch_6.pth
  🗑️ [DELETING] FedAvg_singleclientDebug_noOptReset_40epochs/round_6/merged_A.pth
  🗑️ [DELETING] FedAvg_singleclientDebug_noOptReset_40epochs/round_6/merged_B.pth
  🗑️ [DELETING] FedAvg_singleclientDebug_noOptReset_40epochs/round_6/merged_C.pth
  🗑️ [DELETING] FedAvg_singleclientDebug_noOptReset_40epochs/round_6/merged_D.pth
  🗑️ [DELETING] FedAvg_singleclientDebug_noOptReset_40epochs/round_6/merged_E.pth
  🗑️ [DELETING] FedAvg_singleclientDebug_noOptReset_40epochs/round_7/ModelA/epoch_7.pth
  🗑️ [DELETING] FedAvg_singleclientDebug_noOptReset_40epochs/round_7/merged_A.pth
  🗑️ [DELETING] FedAvg_singleclientDebug_noOptReset_40epochs/round_7/merged_B.pth
  🗑️ [DELETING] FedAvg_singleclientDebug_noOptReset_40epochs/round_7/merged_C.pth
  🗑️ [DELETING] FedAvg_singleclientDebug_noOptReset_40epochs/round_7/merged_D.pth
  🗑️ [DELETING] FedAvg_singleclientDebug_noOptReset_40epochs/round_7/merged_E.pth
  🗑️ [DELETING] FedAvg_singleclientDebug_noOptReset_40epochs/round_8/ModelA/epoch_8.pth
  🗑️ [DELETING] FedAvg_singleclientDebug_noOptReset_40epochs/round_8/merged_A.pth
  🗑️ [DELETING] FedAvg_singleclientDebug_noOptReset_40epochs/round_8/merged_B.pth
  🗑️ [DELETING] FedAvg_singleclientDebug_noOptReset_40epochs/round_8/merged_C.pth
  🗑️ [DELETING] FedAvg_singleclientDebug_noOptReset_40epochs/round_8/merged_D.pth
  🗑️ [DELETING] FedAvg_singleclientDebug_noOptReset_40epochs/round_8/merged_E.pth
  🗑️ [DELETING] FedAvg_singleclientDebug_noOptReset_40epochs/round_9/ModelA/epoch_9.pth
  🗑️ [DELETING] FedAvg_singleclientDebug_noOptReset_40epochs/round_9/merged_A.pth
  🗑️ [DELETING] FedAvg_singleclientDebug_noOptReset_40epochs/round_9/merged_B.pth
  🗑️ [DELETING] FedAvg_singleclientDebug_noOptReset_40epochs/round_9/merged_C.pth
  🗑️ [DELETING] FedAvg_singleclientDebug_noOptReset_40epochs/round_9/merged_D.pth
  🗑️ [DELETING] FedAvg_singleclientDebug_noOptReset_40epochs/round_9/merged_E.pth
  🗑️ [DELETING] FedAvg_singleclientDebug_noOptReset_40epochs/round_10/ModelA/epoch_10.pth
  🗑️ [DELETING] FedAvg_singleclientDebug_noOptReset_40epochs/round_10/merged_A.pth
  🗑️ [DELETING] FedAvg_singleclientDebug_noOptReset_40epochs/round_10/merged_B.pth
  🗑️ [DELETING] FedAvg_singleclientDebug_noOptReset_40epochs/round_10/merged_C.pth
  🗑️ [DELETING] FedAvg_singleclientDebug_noOptReset_40epochs/round_10/merged_D.pth
  🗑️ [DELETING] FedAvg_singleclientDebug_noOptReset_40epochs/round_10/merged_E.pth
  🗑️ [DELETING] FedAvg_singleclientDebug_noOptReset_40epochs/round_11/ModelA/epoch_11.pth
  🗑️ [DELETING] FedAvg_singleclientDebug_noOptReset_40epochs/round_11/merged_A.pth
  🗑️ [DELETING] FedAvg_singleclientDebug_noOptReset_40epochs/round_11/merged_B.pth
  🗑️ [DELETING] FedAvg_singleclientDebug_noOptReset_40epochs/round_11/merged_C.pth
  🗑️ [DELETING] FedAvg_singleclientDebug_noOptReset_40epochs/round_11/merged_D.pth
  🗑️ [DELETING] FedAvg_singleclientDebug_noOptReset_40epochs/round_11/merged_E.pth
  🗑️ [DELETING] FedAvg_singleclientDebug_noOptReset_40epochs/round_12/ModelA/epoch_12.pth
  🗑️ [DELETING] FedAvg_singleclientDebug_noOptReset_40epochs/round_12/merged_A.pth
  🗑️ [DELETING] FedAvg_singleclientDebug_noOptReset_40epochs/round_12/merged_B.pth
  🗑️ [DELETING] FedAvg_singleclientDebug_noOptReset_40epochs/round_12/merged_C.pth
  🗑️ [DELETING] FedAvg_singleclientDebug_noOptReset_40epochs/round_12/merged_D.pth
  🗑️ [DELETING] FedAvg_singleclientDebug_noOptReset_40epochs/round_12/merged_E.pth
  🗑️ [DELETING] FedAvg_singleclientDebug_noOptReset_40epochs/round_13/ModelA/epoch_13.pth
  🗑️ [DELETING] FedAvg_singleclientDebug_noOptReset_40epochs/round_13/merged_A.pth
  🗑️ [DELETING] FedAvg_singleclientDebug_noOptReset_40epochs/round_13/merged_B.pth
  🗑️ [DELETING] FedAvg_singleclientDebug_noOptReset_40epochs/round_13/merged_C.pth
  🗑️ [DELETING] FedAvg_singleclientDebug_noOptReset_40epochs/round_13/merged_D.pth
  🗑️ [DELETING] FedAvg_singleclientDebug_noOptReset_40epochs/round_13/merged_E.pth
  🗑️ [DELETING] FedAvg_singleclientDebug_noOptReset_40epochs/round_14/ModelA/epoch_14.pth
  🗑️ [DELETING] FedAvg_singleclientDebug_noOptReset_40epochs/round_14/merged_A.pth
  🗑️ [DELETING] FedAvg_singleclientDebug_noOptReset_40epochs/round_14/merged_B.pth
  🗑️ [DELETING] FedAvg_singleclientDebug_noOptReset_40epochs/round_14/merged_C.pth
  🗑️ [DELETING] FedAvg_singleclientDebug_noOptReset_40epochs/round_14/merged_D.pth
  🗑️ [DELETING] FedAvg_singleclientDebug_noOptReset_40epochs/round_14/merged_E.pth
  🗑️ [DELETING] FedAvg_singleclientDebug_noOptReset_40epochs/round_15/ModelA/epoch_15.pth
  🗑️ [DELETING] FedAvg_singleclientDebug_noOptReset_40epochs/round_15/merged_A.pth
  🗑️ [DELETING] FedAvg_singleclientDebug_noOptReset_40epochs/round_15/merged_B.pth
  🗑️ [DELETING] FedAvg_singleclientDebug_noOptReset_40epochs/round_15/merged_C.pth
  🗑️ [DELETING] FedAvg_singleclientDebug_noOptReset_40epochs/round_15/merged_D.pth
  🗑️ [DELETING] FedAvg_singleclientDebug_noOptReset_40epochs/round_15/merged_E.pth
  🗑️ [DELETING] FedAvg_singleclientDebug_noOptReset_40epochs/round_16/ModelA/epoch_16.pth
  🗑️ [DELETING] FedAvg_singleclientDebug_noOptReset_40epochs/round_16/merged_A.pth
  🗑️ [DELETING] FedAvg_singleclientDebug_noOptReset_40epochs/round_16/merged_B.pth
  🗑️ [DELETING] FedAvg_singleclientDebug_noOptReset_40epochs/round_16/merged_C.pth
  🗑️ [DELETING] FedAvg_singleclientDebug_noOptReset_40epochs/round_16/merged_D.pth
  🗑️ [DELETING] FedAvg_singleclientDebug_noOptReset_40epochs/round_16/merged_E.pth
  🗑️ [DELETING] FedAvg_singleclientDebug_noOptReset_40epochs/round_17/ModelA/epoch_17.pth
  🗑️ [DELETING] FedAvg_singleclientDebug_noOptReset_40epochs/round_17/merged_A.pth
  🗑️ [DELETING] FedAvg_singleclientDebug_noOptReset_40epochs/round_17/merged_B.pth
  🗑️ [DELETING] FedAvg_singleclientDebug_noOptReset_40epochs/round_17/merged_C.pth
  🗑️ [DELETING] FedAvg_singleclientDebug_noOptReset_40epochs/round_17/merged_D.pth
  🗑️ [DELETING] FedAvg_singleclientDebug_noOptReset_40epochs/round_17/merged_E.pth
  🗑️ [DELETING] FedAvg_singleclientDebug_noOptReset_40epochs/round_18/ModelA/epoch_18.pth
  🗑️ [DELETING] FedAvg_singleclientDebug_noOptReset_40epochs/round_18/merged_A.pth
  🗑️ [DELETING] FedAvg_singleclientDebug_noOptReset_40epochs/round_18/merged_B.pth
  🗑️ [DELETING] FedAvg_singleclientDebug_noOptReset_40epochs/round_18/merged_C.pth
  🗑️ [DELETING] FedAvg_singleclientDebug_noOptReset_40epochs/round_18/merged_D.pth
  🗑️ [DELETING] FedAvg_singleclientDebug_noOptReset_40epochs/round_18/merged_E.pth
  🗑️ [DELETING] FedAvg_singleclientDebug_noOptReset_40epochs/round_19/ModelA/epoch_19.pth
  🗑️ [DELETING] FedAvg_singleclientDebug_noOptReset_40epochs/round_19/merged_A.pth
  🗑️ [DELETING] FedAvg_singleclientDebug_noOptReset_40epochs/round_19/merged_B.pth
  🗑️ [DELETING] FedAvg_singleclientDebug_noOptReset_40epochs/round_19/merged_C.pth
  🗑️ [DELETING] FedAvg_singleclientDebug_noOptReset_40epochs/round_19/merged_D.pth
  🗑️ [DELETING] FedAvg_singleclientDebug_noOptReset_40epochs/round_19/merged_E.pth
📂 Processing FedAvg_uniformfair (Rules: Keep epoch_40.pth only)...
  🗑️ [DELETING] FedAvg_uniformfair/round_1/merged_A.pth
  🗑️ [DELETING] FedAvg_uniformfair/round_1/merged_B.pth
  🗑️ [DELETING] FedAvg_uniformfair/round_1/merged_C.pth
  🗑️ [DELETING] FedAvg_uniformfair/round_1/merged_D.pth
  🗑️ [DELETING] FedAvg_uniformfair/round_1/merged_E.pth
  🗑️ [DELETING] FedAvg_uniformfair/round_2/merged_A.pth
  🗑️ [DELETING] FedAvg_uniformfair/round_2/merged_B.pth
  🗑️ [DELETING] FedAvg_uniformfair/round_2/merged_C.pth
  🗑️ [DELETING] FedAvg_uniformfair/round_2/merged_D.pth
  🗑️ [DELETING] FedAvg_uniformfair/round_2/merged_E.pth
  🗑️ [DELETING] FedAvg_uniformfair/round_3/ModelA/epoch_3.pth
  🗑️ [DELETING] FedAvg_uniformfair/round_3/ModelB/epoch_3.pth
  🗑️ [DELETING] FedAvg_uniformfair/round_3/ModelC/epoch_3.pth
  🗑️ [DELETING] FedAvg_uniformfair/round_3/ModelD/epoch_3.pth
  🗑️ [DELETING] FedAvg_uniformfair/round_3/ModelE/epoch_3.pth
  🗑️ [DELETING] FedAvg_uniformfair/round_3/merged_A.pth
  🗑️ [DELETING] FedAvg_uniformfair/round_3/merged_B.pth
  🗑️ [DELETING] FedAvg_uniformfair/round_3/merged_C.pth
  🗑️ [DELETING] FedAvg_uniformfair/round_3/merged_D.pth
  🗑️ [DELETING] FedAvg_uniformfair/round_3/merged_E.pth
  🗑️ [DELETING] FedAvg_uniformfair/round_4/ModelA/epoch_4.pth
  🗑️ [DELETING] FedAvg_uniformfair/round_4/ModelB/epoch_4.pth
  🗑️ [DELETING] FedAvg_uniformfair/round_4/ModelC/epoch_4.pth
  🗑️ [DELETING] FedAvg_uniformfair/round_4/ModelD/epoch_4.pth
  🗑️ [DELETING] FedAvg_uniformfair/round_4/ModelE/epoch_4.pth
  🗑️ [DELETING] FedAvg_uniformfair/round_4/merged_A.pth
  🗑️ [DELETING] FedAvg_uniformfair/round_4/merged_B.pth
  🗑️ [DELETING] FedAvg_uniformfair/round_4/merged_C.pth
  🗑️ [DELETING] FedAvg_uniformfair/round_4/merged_D.pth
  🗑️ [DELETING] FedAvg_uniformfair/round_4/merged_E.pth
  🗑️ [DELETING] FedAvg_uniformfair/round_5/ModelA/epoch_5.pth
  🗑️ [DELETING] FedAvg_uniformfair/round_5/ModelB/epoch_5.pth
  🗑️ [DELETING] FedAvg_uniformfair/round_5/ModelC/epoch_5.pth
  🗑️ [DELETING] FedAvg_uniformfair/round_5/ModelD/epoch_5.pth
  🗑️ [DELETING] FedAvg_uniformfair/round_5/ModelE/epoch_5.pth
  🗑️ [DELETING] FedAvg_uniformfair/round_5/merged_A.pth
  🗑️ [DELETING] FedAvg_uniformfair/round_5/merged_B.pth
  🗑️ [DELETING] FedAvg_uniformfair/round_5/merged_C.pth
  🗑️ [DELETING] FedAvg_uniformfair/round_5/merged_D.pth
  🗑️ [DELETING] FedAvg_uniformfair/round_5/merged_E.pth
  🗑️ [DELETING] FedAvg_uniformfair/round_6/ModelA/epoch_6.pth
  🗑️ [DELETING] FedAvg_uniformfair/round_6/ModelB/epoch_6.pth
  🗑️ [DELETING] FedAvg_uniformfair/round_6/ModelC/epoch_6.pth
  🗑️ [DELETING] FedAvg_uniformfair/round_6/ModelD/epoch_6.pth
  🗑️ [DELETING] FedAvg_uniformfair/round_6/ModelE/epoch_6.pth
  🗑️ [DELETING] FedAvg_uniformfair/round_6/merged_A.pth
  🗑️ [DELETING] FedAvg_uniformfair/round_6/merged_B.pth
  🗑️ [DELETING] FedAvg_uniformfair/round_6/merged_C.pth
  🗑️ [DELETING] FedAvg_uniformfair/round_6/merged_D.pth
  🗑️ [DELETING] FedAvg_uniformfair/round_6/merged_E.pth
  🗑️ [DELETING] FedAvg_uniformfair/round_7/ModelA/epoch_7.pth
  🗑️ [DELETING] FedAvg_uniformfair/round_7/ModelB/epoch_7.pth
  🗑️ [DELETING] FedAvg_uniformfair/round_7/ModelC/epoch_7.pth
  🗑️ [DELETING] FedAvg_uniformfair/round_7/ModelD/epoch_7.pth
  🗑️ [DELETING] FedAvg_uniformfair/round_7/ModelE/epoch_7.pth
  🗑️ [DELETING] FedAvg_uniformfair/round_7/merged_A.pth
  🗑️ [DELETING] FedAvg_uniformfair/round_7/merged_B.pth
  🗑️ [DELETING] FedAvg_uniformfair/round_7/merged_C.pth
  🗑️ [DELETING] FedAvg_uniformfair/round_7/merged_D.pth
  🗑️ [DELETING] FedAvg_uniformfair/round_7/merged_E.pth
  🗑️ [DELETING] FedAvg_uniformfair/round_8/ModelA/epoch_8.pth
  🗑️ [DELETING] FedAvg_uniformfair/round_8/ModelB/epoch_8.pth
  🗑️ [DELETING] FedAvg_uniformfair/round_8/ModelC/epoch_8.pth
  🗑️ [DELETING] FedAvg_uniformfair/round_8/ModelD/epoch_8.pth
  🗑️ [DELETING] FedAvg_uniformfair/round_8/ModelE/epoch_8.pth
  🗑️ [DELETING] FedAvg_uniformfair/round_8/merged_A.pth
  🗑️ [DELETING] FedAvg_uniformfair/round_8/merged_B.pth
  🗑️ [DELETING] FedAvg_uniformfair/round_8/merged_C.pth
  🗑️ [DELETING] FedAvg_uniformfair/round_8/merged_D.pth
  🗑️ [DELETING] FedAvg_uniformfair/round_8/merged_E.pth
  🗑️ [DELETING] FedAvg_uniformfair/round_9/ModelA/epoch_9.pth
  🗑️ [DELETING] FedAvg_uniformfair/round_9/ModelB/epoch_9.pth
  🗑️ [DELETING] FedAvg_uniformfair/round_9/ModelC/epoch_9.pth
  🗑️ [DELETING] FedAvg_uniformfair/round_9/ModelD/epoch_9.pth
  🗑️ [DELETING] FedAvg_uniformfair/round_9/ModelE/epoch_9.pth
  🗑️ [DELETING] FedAvg_uniformfair/round_9/merged_A.pth
  🗑️ [DELETING] FedAvg_uniformfair/round_9/merged_B.pth
  🗑️ [DELETING] FedAvg_uniformfair/round_9/merged_C.pth
  🗑️ [DELETING] FedAvg_uniformfair/round_9/merged_D.pth
  🗑️ [DELETING] FedAvg_uniformfair/round_9/merged_E.pth
  🗑️ [DELETING] FedAvg_uniformfair/round_10/ModelA/epoch_10.pth
  🗑️ [DELETING] FedAvg_uniformfair/round_10/ModelB/epoch_10.pth
  🗑️ [DELETING] FedAvg_uniformfair/round_10/ModelC/epoch_10.pth
  🗑️ [DELETING] FedAvg_uniformfair/round_10/ModelD/epoch_10.pth
  🗑️ [DELETING] FedAvg_uniformfair/round_10/ModelE/epoch_10.pth
  🗑️ [DELETING] FedAvg_uniformfair/round_10/merged_A.pth
  🗑️ [DELETING] FedAvg_uniformfair/round_10/merged_B.pth
  🗑️ [DELETING] FedAvg_uniformfair/round_10/merged_C.pth
  🗑️ [DELETING] FedAvg_uniformfair/round_10/merged_D.pth
  🗑️ [DELETING] FedAvg_uniformfair/round_10/merged_E.pth
  🗑️ [DELETING] FedAvg_uniformfair/round_11/ModelA/epoch_11.pth
  🗑️ [DELETING] FedAvg_uniformfair/round_11/ModelB/epoch_11.pth
  🗑️ [DELETING] FedAvg_uniformfair/round_11/ModelC/epoch_11.pth
  🗑️ [DELETING] FedAvg_uniformfair/round_11/ModelD/epoch_11.pth
  🗑️ [DELETING] FedAvg_uniformfair/round_11/ModelE/epoch_11.pth
  🗑️ [DELETING] FedAvg_uniformfair/round_11/merged_A.pth
  🗑️ [DELETING] FedAvg_uniformfair/round_11/merged_B.pth
  🗑️ [DELETING] FedAvg_uniformfair/round_11/merged_C.pth
  🗑️ [DELETING] FedAvg_uniformfair/round_11/merged_D.pth
  🗑️ [DELETING] FedAvg_uniformfair/round_11/merged_E.pth
  🗑️ [DELETING] FedAvg_uniformfair/round_12/ModelA/epoch_12.pth
  🗑️ [DELETING] FedAvg_uniformfair/round_12/ModelB/epoch_12.pth
  🗑️ [DELETING] FedAvg_uniformfair/round_12/ModelC/epoch_12.pth
  🗑️ [DELETING] FedAvg_uniformfair/round_12/ModelD/epoch_12.pth
  🗑️ [DELETING] FedAvg_uniformfair/round_12/ModelE/epoch_12.pth
  🗑️ [DELETING] FedAvg_uniformfair/round_12/merged_A.pth
  🗑️ [DELETING] FedAvg_uniformfair/round_12/merged_B.pth
  🗑️ [DELETING] FedAvg_uniformfair/round_12/merged_C.pth
  🗑️ [DELETING] FedAvg_uniformfair/round_12/merged_D.pth
  🗑️ [DELETING] FedAvg_uniformfair/round_12/merged_E.pth
  🗑️ [DELETING] FedAvg_uniformfair/round_13/ModelA/epoch_13.pth
  🗑️ [DELETING] FedAvg_uniformfair/round_13/ModelB/epoch_13.pth
  🗑️ [DELETING] FedAvg_uniformfair/round_13/ModelC/epoch_13.pth
  🗑️ [DELETING] FedAvg_uniformfair/round_13/ModelD/epoch_13.pth
  🗑️ [DELETING] FedAvg_uniformfair/round_13/ModelE/epoch_13.pth
  🗑️ [DELETING] FedAvg_uniformfair/round_13/merged_A.pth
  🗑️ [DELETING] FedAvg_uniformfair/round_13/merged_B.pth
  🗑️ [DELETING] FedAvg_uniformfair/round_13/merged_C.pth
  🗑️ [DELETING] FedAvg_uniformfair/round_13/merged_D.pth
  🗑️ [DELETING] FedAvg_uniformfair/round_13/merged_E.pth
  🗑️ [DELETING] FedAvg_uniformfair/round_14/ModelA/epoch_14.pth
  🗑️ [DELETING] FedAvg_uniformfair/round_14/ModelB/epoch_14.pth
  🗑️ [DELETING] FedAvg_uniformfair/round_14/ModelC/epoch_14.pth
  🗑️ [DELETING] FedAvg_uniformfair/round_14/ModelD/epoch_14.pth
  🗑️ [DELETING] FedAvg_uniformfair/round_14/ModelE/epoch_14.pth
  🗑️ [DELETING] FedAvg_uniformfair/round_14/merged_A.pth
  🗑️ [DELETING] FedAvg_uniformfair/round_14/merged_B.pth
  🗑️ [DELETING] FedAvg_uniformfair/round_14/merged_C.pth
  🗑️ [DELETING] FedAvg_uniformfair/round_14/merged_D.pth
  🗑️ [DELETING] FedAvg_uniformfair/round_14/merged_E.pth
  🗑️ [DELETING] FedAvg_uniformfair/round_15/ModelA/epoch_15.pth
  🗑️ [DELETING] FedAvg_uniformfair/round_15/ModelB/epoch_15.pth
  🗑️ [DELETING] FedAvg_uniformfair/round_15/ModelC/epoch_15.pth
  🗑️ [DELETING] FedAvg_uniformfair/round_15/ModelD/epoch_15.pth
  🗑️ [DELETING] FedAvg_uniformfair/round_15/ModelE/epoch_15.pth
  🗑️ [DELETING] FedAvg_uniformfair/round_15/merged_A.pth
  🗑️ [DELETING] FedAvg_uniformfair/round_15/merged_B.pth
  🗑️ [DELETING] FedAvg_uniformfair/round_15/merged_C.pth
  🗑️ [DELETING] FedAvg_uniformfair/round_15/merged_D.pth
  🗑️ [DELETING] FedAvg_uniformfair/round_15/merged_E.pth
  🗑️ [DELETING] FedAvg_uniformfair/round_16/ModelA/epoch_16.pth
  🗑️ [DELETING] FedAvg_uniformfair/round_16/ModelB/epoch_16.pth
  🗑️ [DELETING] FedAvg_uniformfair/round_16/ModelC/epoch_16.pth
  🗑️ [DELETING] FedAvg_uniformfair/round_16/ModelD/epoch_16.pth
  🗑️ [DELETING] FedAvg_uniformfair/round_16/ModelE/epoch_16.pth
  🗑️ [DELETING] FedAvg_uniformfair/round_16/merged_A.pth
  🗑️ [DELETING] FedAvg_uniformfair/round_16/merged_B.pth
  🗑️ [DELETING] FedAvg_uniformfair/round_16/merged_C.pth
  🗑️ [DELETING] FedAvg_uniformfair/round_16/merged_D.pth
  🗑️ [DELETING] FedAvg_uniformfair/round_16/merged_E.pth
  🗑️ [DELETING] FedAvg_uniformfair/round_17/ModelA/epoch_17.pth
  🗑️ [DELETING] FedAvg_uniformfair/round_17/ModelB/epoch_17.pth
  🗑️ [DELETING] FedAvg_uniformfair/round_17/ModelC/epoch_17.pth
  🗑️ [DELETING] FedAvg_uniformfair/round_17/ModelD/epoch_17.pth
  🗑️ [DELETING] FedAvg_uniformfair/round_17/ModelE/epoch_17.pth
  🗑️ [DELETING] FedAvg_uniformfair/round_17/merged_A.pth
  🗑️ [DELETING] FedAvg_uniformfair/round_17/merged_B.pth
  🗑️ [DELETING] FedAvg_uniformfair/round_17/merged_C.pth
  🗑️ [DELETING] FedAvg_uniformfair/round_17/merged_D.pth
  🗑️ [DELETING] FedAvg_uniformfair/round_17/merged_E.pth
  🗑️ [DELETING] FedAvg_uniformfair/round_18/ModelA/epoch_18.pth
  🗑️ [DELETING] FedAvg_uniformfair/round_18/ModelB/epoch_18.pth
  🗑️ [DELETING] FedAvg_uniformfair/round_18/ModelC/epoch_18.pth
  🗑️ [DELETING] FedAvg_uniformfair/round_18/ModelD/epoch_18.pth
  🗑️ [DELETING] FedAvg_uniformfair/round_18/ModelE/epoch_18.pth
  🗑️ [DELETING] FedAvg_uniformfair/round_18/merged_A.pth
  🗑️ [DELETING] FedAvg_uniformfair/round_18/merged_B.pth
  🗑️ [DELETING] FedAvg_uniformfair/round_18/merged_C.pth
  🗑️ [DELETING] FedAvg_uniformfair/round_18/merged_D.pth
  🗑️ [DELETING] FedAvg_uniformfair/round_18/merged_E.pth
  🗑️ [DELETING] FedAvg_uniformfair/round_19/ModelA/epoch_19.pth
  🗑️ [DELETING] FedAvg_uniformfair/round_19/ModelB/epoch_19.pth
  🗑️ [DELETING] FedAvg_uniformfair/round_19/ModelC/epoch_19.pth
  🗑️ [DELETING] FedAvg_uniformfair/round_19/ModelD/epoch_19.pth
  🗑️ [DELETING] FedAvg_uniformfair/round_19/ModelE/epoch_19.pth
  🗑️ [DELETING] FedAvg_uniformfair/round_19/merged_A.pth
  🗑️ [DELETING] FedAvg_uniformfair/round_19/merged_B.pth
  🗑️ [DELETING] FedAvg_uniformfair/round_19/merged_C.pth
  🗑️ [DELETING] FedAvg_uniformfair/round_19/merged_D.pth
  🗑️ [DELETING] FedAvg_uniformfair/round_19/merged_E.pth
  🗑️ [DELETING] FedAvg_uniformfair/round_20/ModelA/epoch_20.pth
  🗑️ [DELETING] FedAvg_uniformfair/round_20/ModelB/epoch_20.pth
  🗑️ [DELETING] FedAvg_uniformfair/round_20/ModelC/epoch_20.pth
  🗑️ [DELETING] FedAvg_uniformfair/round_20/ModelD/epoch_20.pth
  🗑️ [DELETING] FedAvg_uniformfair/round_20/ModelE/epoch_20.pth
  🗑️ [DELETING] FedAvg_uniformfair/round_20/merged_A.pth
  🗑️ [DELETING] FedAvg_uniformfair/round_20/merged_B.pth
  🗑️ [DELETING] FedAvg_uniformfair/round_20/merged_C.pth
  🗑️ [DELETING] FedAvg_uniformfair/round_20/merged_D.pth
  🗑️ [DELETING] FedAvg_uniformfair/round_20/merged_E.pth
  🗑️ [DELETING] FedAvg_uniformfair/round_21/ModelA/epoch_21.pth
  🗑️ [DELETING] FedAvg_uniformfair/round_21/ModelB/epoch_21.pth
  🗑️ [DELETING] FedAvg_uniformfair/round_21/ModelC/epoch_21.pth
  🗑️ [DELETING] FedAvg_uniformfair/round_21/ModelD/epoch_21.pth
  🗑️ [DELETING] FedAvg_uniformfair/round_21/ModelE/epoch_21.pth
  🗑️ [DELETING] FedAvg_uniformfair/round_21/merged_A.pth
  🗑️ [DELETING] FedAvg_uniformfair/round_21/merged_B.pth
  🗑️ [DELETING] FedAvg_uniformfair/round_21/merged_C.pth
  🗑️ [DELETING] FedAvg_uniformfair/round_21/merged_D.pth
  🗑️ [DELETING] FedAvg_uniformfair/round_21/merged_E.pth
  🗑️ [DELETING] FedAvg_uniformfair/round_22/ModelA/epoch_22.pth
  🗑️ [DELETING] FedAvg_uniformfair/round_22/ModelB/epoch_22.pth
  🗑️ [DELETING] FedAvg_uniformfair/round_22/ModelC/epoch_22.pth
  🗑️ [DELETING] FedAvg_uniformfair/round_22/ModelD/epoch_22.pth
  🗑️ [DELETING] FedAvg_uniformfair/round_22/ModelE/epoch_22.pth
  🗑️ [DELETING] FedAvg_uniformfair/round_22/merged_A.pth
  🗑️ [DELETING] FedAvg_uniformfair/round_22/merged_B.pth
  🗑️ [DELETING] FedAvg_uniformfair/round_22/merged_C.pth
  🗑️ [DELETING] FedAvg_uniformfair/round_22/merged_D.pth
  🗑️ [DELETING] FedAvg_uniformfair/round_22/merged_E.pth
  🗑️ [DELETING] FedAvg_uniformfair/round_23/ModelA/epoch_23.pth
  🗑️ [DELETING] FedAvg_uniformfair/round_23/ModelB/epoch_23.pth
  🗑️ [DELETING] FedAvg_uniformfair/round_23/ModelC/epoch_23.pth
  🗑️ [DELETING] FedAvg_uniformfair/round_23/ModelD/epoch_23.pth
  🗑️ [DELETING] FedAvg_uniformfair/round_23/ModelE/epoch_23.pth
  🗑️ [DELETING] FedAvg_uniformfair/round_23/merged_A.pth
  🗑️ [DELETING] FedAvg_uniformfair/round_23/merged_B.pth
  🗑️ [DELETING] FedAvg_uniformfair/round_23/merged_C.pth
  🗑️ [DELETING] FedAvg_uniformfair/round_23/merged_D.pth
  🗑️ [DELETING] FedAvg_uniformfair/round_23/merged_E.pth
  🗑️ [DELETING] FedAvg_uniformfair/round_24/ModelA/epoch_24.pth
  🗑️ [DELETING] FedAvg_uniformfair/round_24/ModelB/epoch_24.pth
  🗑️ [DELETING] FedAvg_uniformfair/round_24/ModelC/epoch_24.pth
  🗑️ [DELETING] FedAvg_uniformfair/round_24/ModelD/epoch_24.pth
  🗑️ [DELETING] FedAvg_uniformfair/round_24/ModelE/epoch_24.pth
  🗑️ [DELETING] FedAvg_uniformfair/round_24/merged_A.pth
  🗑️ [DELETING] FedAvg_uniformfair/round_24/merged_B.pth
  🗑️ [DELETING] FedAvg_uniformfair/round_24/merged_C.pth
  🗑️ [DELETING] FedAvg_uniformfair/round_24/merged_D.pth
  🗑️ [DELETING] FedAvg_uniformfair/round_24/merged_E.pth
  🗑️ [DELETING] FedAvg_uniformfair/round_25/ModelA/epoch_25.pth
  🗑️ [DELETING] FedAvg_uniformfair/round_25/ModelB/epoch_25.pth
  🗑️ [DELETING] FedAvg_uniformfair/round_25/ModelC/epoch_25.pth
  🗑️ [DELETING] FedAvg_uniformfair/round_25/ModelD/epoch_25.pth
  🗑️ [DELETING] FedAvg_uniformfair/round_25/ModelE/epoch_25.pth
  🗑️ [DELETING] FedAvg_uniformfair/round_25/merged_A.pth
  🗑️ [DELETING] FedAvg_uniformfair/round_25/merged_B.pth
  🗑️ [DELETING] FedAvg_uniformfair/round_25/merged_C.pth
  🗑️ [DELETING] FedAvg_uniformfair/round_25/merged_D.pth
  🗑️ [DELETING] FedAvg_uniformfair/round_25/merged_E.pth
  🗑️ [DELETING] FedAvg_uniformfair/round_26/ModelA/epoch_26.pth
  🗑️ [DELETING] FedAvg_uniformfair/round_26/ModelB/epoch_26.pth
  🗑️ [DELETING] FedAvg_uniformfair/round_26/ModelC/epoch_26.pth
  🗑️ [DELETING] FedAvg_uniformfair/round_26/ModelD/epoch_26.pth
  🗑️ [DELETING] FedAvg_uniformfair/round_26/ModelE/epoch_26.pth
  🗑️ [DELETING] FedAvg_uniformfair/round_26/merged_A.pth
  🗑️ [DELETING] FedAvg_uniformfair/round_26/merged_B.pth
  🗑️ [DELETING] FedAvg_uniformfair/round_26/merged_C.pth
  🗑️ [DELETING] FedAvg_uniformfair/round_26/merged_D.pth
  🗑️ [DELETING] FedAvg_uniformfair/round_26/merged_E.pth
  🗑️ [DELETING] FedAvg_uniformfair/round_27/ModelA/epoch_27.pth
  🗑️ [DELETING] FedAvg_uniformfair/round_27/ModelB/epoch_27.pth
  🗑️ [DELETING] FedAvg_uniformfair/round_27/ModelC/epoch_27.pth
  🗑️ [DELETING] FedAvg_uniformfair/round_27/ModelD/epoch_27.pth
  🗑️ [DELETING] FedAvg_uniformfair/round_27/ModelE/epoch_27.pth
  🗑️ [DELETING] FedAvg_uniformfair/round_27/merged_A.pth
  🗑️ [DELETING] FedAvg_uniformfair/round_27/merged_B.pth
  🗑️ [DELETING] FedAvg_uniformfair/round_27/merged_C.pth
  🗑️ [DELETING] FedAvg_uniformfair/round_27/merged_D.pth
  🗑️ [DELETING] FedAvg_uniformfair/round_27/merged_E.pth
  🗑️ [DELETING] FedAvg_uniformfair/round_28/ModelA/epoch_28.pth
  🗑️ [DELETING] FedAvg_uniformfair/round_28/ModelB/epoch_28.pth
  🗑️ [DELETING] FedAvg_uniformfair/round_28/ModelC/epoch_28.pth
  🗑️ [DELETING] FedAvg_uniformfair/round_28/ModelD/epoch_28.pth
  🗑️ [DELETING] FedAvg_uniformfair/round_28/ModelE/epoch_28.pth
  🗑️ [DELETING] FedAvg_uniformfair/round_28/merged_A.pth
  🗑️ [DELETING] FedAvg_uniformfair/round_28/merged_B.pth
  🗑️ [DELETING] FedAvg_uniformfair/round_28/merged_C.pth
  🗑️ [DELETING] FedAvg_uniformfair/round_28/merged_D.pth
  🗑️ [DELETING] FedAvg_uniformfair/round_28/merged_E.pth
  🗑️ [DELETING] FedAvg_uniformfair/round_29/ModelA/epoch_29.pth
  🗑️ [DELETING] FedAvg_uniformfair/round_29/ModelB/epoch_29.pth
  🗑️ [DELETING] FedAvg_uniformfair/round_29/ModelC/epoch_29.pth
  🗑️ [DELETING] FedAvg_uniformfair/round_29/ModelD/epoch_29.pth
  🗑️ [DELETING] FedAvg_uniformfair/round_29/ModelE/epoch_29.pth
  🗑️ [DELETING] FedAvg_uniformfair/round_29/merged_A.pth
  🗑️ [DELETING] FedAvg_uniformfair/round_29/merged_B.pth
  🗑️ [DELETING] FedAvg_uniformfair/round_29/merged_C.pth
  🗑️ [DELETING] FedAvg_uniformfair/round_29/merged_D.pth
  🗑️ [DELETING] FedAvg_uniformfair/round_29/merged_E.pth
  🗑️ [DELETING] FedAvg_uniformfair/round_30/ModelA/epoch_30.pth
  🗑️ [DELETING] FedAvg_uniformfair/round_30/ModelB/epoch_30.pth
  🗑️ [DELETING] FedAvg_uniformfair/round_30/ModelC/epoch_30.pth
  🗑️ [DELETING] FedAvg_uniformfair/round_30/ModelD/epoch_30.pth
  🗑️ [DELETING] FedAvg_uniformfair/round_30/ModelE/epoch_30.pth
  🗑️ [DELETING] FedAvg_uniformfair/round_30/merged_A.pth
  🗑️ [DELETING] FedAvg_uniformfair/round_30/merged_B.pth
  🗑️ [DELETING] FedAvg_uniformfair/round_30/merged_C.pth
  🗑️ [DELETING] FedAvg_uniformfair/round_30/merged_D.pth
  🗑️ [DELETING] FedAvg_uniformfair/round_30/merged_E.pth
  🗑️ [DELETING] FedAvg_uniformfair/round_31/ModelA/epoch_31.pth
  🗑️ [DELETING] FedAvg_uniformfair/round_31/ModelB/epoch_31.pth
  🗑️ [DELETING] FedAvg_uniformfair/round_31/ModelC/epoch_31.pth
  🗑️ [DELETING] FedAvg_uniformfair/round_31/ModelD/epoch_31.pth
  🗑️ [DELETING] FedAvg_uniformfair/round_31/ModelE/epoch_31.pth
  🗑️ [DELETING] FedAvg_uniformfair/round_31/merged_A.pth
  🗑️ [DELETING] FedAvg_uniformfair/round_31/merged_B.pth
  🗑️ [DELETING] FedAvg_uniformfair/round_31/merged_C.pth
  🗑️ [DELETING] FedAvg_uniformfair/round_31/merged_D.pth
  🗑️ [DELETING] FedAvg_uniformfair/round_31/merged_E.pth
  🗑️ [DELETING] FedAvg_uniformfair/round_32/ModelA/epoch_32.pth
  🗑️ [DELETING] FedAvg_uniformfair/round_32/ModelB/epoch_32.pth
  🗑️ [DELETING] FedAvg_uniformfair/round_32/ModelC/epoch_32.pth
  🗑️ [DELETING] FedAvg_uniformfair/round_32/ModelD/epoch_32.pth
  🗑️ [DELETING] FedAvg_uniformfair/round_32/ModelE/epoch_32.pth
  🗑️ [DELETING] FedAvg_uniformfair/round_32/merged_A.pth
  🗑️ [DELETING] FedAvg_uniformfair/round_32/merged_B.pth
  🗑️ [DELETING] FedAvg_uniformfair/round_32/merged_C.pth
  🗑️ [DELETING] FedAvg_uniformfair/round_32/merged_D.pth
  🗑️ [DELETING] FedAvg_uniformfair/round_32/merged_E.pth
  🗑️ [DELETING] FedAvg_uniformfair/round_33/ModelA/epoch_33.pth
  🗑️ [DELETING] FedAvg_uniformfair/round_33/ModelB/epoch_33.pth
  🗑️ [DELETING] FedAvg_uniformfair/round_33/ModelC/epoch_33.pth
  🗑️ [DELETING] FedAvg_uniformfair/round_33/ModelD/epoch_33.pth
  🗑️ [DELETING] FedAvg_uniformfair/round_33/ModelE/epoch_33.pth
  🗑️ [DELETING] FedAvg_uniformfair/round_33/merged_A.pth
  🗑️ [DELETING] FedAvg_uniformfair/round_33/merged_B.pth
  🗑️ [DELETING] FedAvg_uniformfair/round_33/merged_C.pth
  🗑️ [DELETING] FedAvg_uniformfair/round_33/merged_D.pth
  🗑️ [DELETING] FedAvg_uniformfair/round_33/merged_E.pth
  🗑️ [DELETING] FedAvg_uniformfair/round_34/ModelA/epoch_34.pth
  🗑️ [DELETING] FedAvg_uniformfair/round_34/ModelB/epoch_34.pth
  🗑️ [DELETING] FedAvg_uniformfair/round_34/ModelC/epoch_34.pth
  🗑️ [DELETING] FedAvg_uniformfair/round_34/ModelD/epoch_34.pth
  🗑️ [DELETING] FedAvg_uniformfair/round_34/ModelE/epoch_34.pth
  🗑️ [DELETING] FedAvg_uniformfair/round_34/merged_A.pth
  🗑️ [DELETING] FedAvg_uniformfair/round_34/merged_B.pth
  🗑️ [DELETING] FedAvg_uniformfair/round_34/merged_C.pth
  🗑️ [DELETING] FedAvg_uniformfair/round_34/merged_D.pth
  🗑️ [DELETING] FedAvg_uniformfair/round_34/merged_E.pth
  🗑️ [DELETING] FedAvg_uniformfair/round_35/ModelA/epoch_35.pth
  🗑️ [DELETING] FedAvg_uniformfair/round_35/ModelB/epoch_35.pth
  🗑️ [DELETING] FedAvg_uniformfair/round_35/ModelC/epoch_35.pth
  🗑️ [DELETING] FedAvg_uniformfair/round_35/ModelD/epoch_35.pth
  🗑️ [DELETING] FedAvg_uniformfair/round_35/ModelE/epoch_35.pth
  🗑️ [DELETING] FedAvg_uniformfair/round_35/merged_A.pth
  🗑️ [DELETING] FedAvg_uniformfair/round_35/merged_B.pth
  🗑️ [DELETING] FedAvg_uniformfair/round_35/merged_C.pth
  🗑️ [DELETING] FedAvg_uniformfair/round_35/merged_D.pth
  🗑️ [DELETING] FedAvg_uniformfair/round_35/merged_E.pth
  🗑️ [DELETING] FedAvg_uniformfair/round_36/ModelA/epoch_36.pth
  🗑️ [DELETING] FedAvg_uniformfair/round_36/ModelB/epoch_36.pth
  🗑️ [DELETING] FedAvg_uniformfair/round_36/ModelC/epoch_36.pth
  🗑️ [DELETING] FedAvg_uniformfair/round_36/ModelD/epoch_36.pth
  🗑️ [DELETING] FedAvg_uniformfair/round_36/ModelE/epoch_36.pth
  🗑️ [DELETING] FedAvg_uniformfair/round_36/merged_A.pth
  🗑️ [DELETING] FedAvg_uniformfair/round_36/merged_B.pth
  🗑️ [DELETING] FedAvg_uniformfair/round_36/merged_C.pth
  🗑️ [DELETING] FedAvg_uniformfair/round_36/merged_D.pth
  🗑️ [DELETING] FedAvg_uniformfair/round_36/merged_E.pth
  🗑️ [DELETING] FedAvg_uniformfair/round_37/ModelA/epoch_37.pth
  🗑️ [DELETING] FedAvg_uniformfair/round_37/ModelB/epoch_37.pth
  🗑️ [DELETING] FedAvg_uniformfair/round_37/ModelC/epoch_37.pth
  🗑️ [DELETING] FedAvg_uniformfair/round_37/ModelD/epoch_37.pth
  🗑️ [DELETING] FedAvg_uniformfair/round_37/ModelE/epoch_37.pth
  🗑️ [DELETING] FedAvg_uniformfair/round_37/merged_A.pth
  🗑️ [DELETING] FedAvg_uniformfair/round_37/merged_B.pth
  🗑️ [DELETING] FedAvg_uniformfair/round_37/merged_C.pth
  🗑️ [DELETING] FedAvg_uniformfair/round_37/merged_D.pth
  🗑️ [DELETING] FedAvg_uniformfair/round_37/merged_E.pth
  🗑️ [DELETING] FedAvg_uniformfair/round_38/ModelA/epoch_38.pth
  🗑️ [DELETING] FedAvg_uniformfair/round_38/ModelB/epoch_38.pth
  🗑️ [DELETING] FedAvg_uniformfair/round_38/ModelC/epoch_38.pth
  🗑️ [DELETING] FedAvg_uniformfair/round_38/ModelD/epoch_38.pth
  🗑️ [DELETING] FedAvg_uniformfair/round_38/ModelE/epoch_38.pth
  🗑️ [DELETING] FedAvg_uniformfair/round_38/merged_A.pth
  🗑️ [DELETING] FedAvg_uniformfair/round_38/merged_B.pth
  🗑️ [DELETING] FedAvg_uniformfair/round_38/merged_C.pth
  🗑️ [DELETING] FedAvg_uniformfair/round_38/merged_D.pth
  🗑️ [DELETING] FedAvg_uniformfair/round_38/merged_E.pth
  🗑️ [DELETING] FedAvg_uniformfair/round_39/ModelA/epoch_39.pth
  🗑️ [DELETING] FedAvg_uniformfair/round_39/ModelB/epoch_39.pth
  🗑️ [DELETING] FedAvg_uniformfair/round_39/ModelC/epoch_39.pth
  🗑️ [DELETING] FedAvg_uniformfair/round_39/ModelD/epoch_39.pth
  🗑️ [DELETING] FedAvg_uniformfair/round_39/ModelE/epoch_39.pth
  🗑️ [DELETING] FedAvg_uniformfair/round_39/merged_A.pth
  🗑️ [DELETING] FedAvg_uniformfair/round_39/merged_B.pth
  🗑️ [DELETING] FedAvg_uniformfair/round_39/merged_C.pth
  🗑️ [DELETING] FedAvg_uniformfair/round_39/merged_D.pth
  🗑️ [DELETING] FedAvg_uniformfair/round_39/merged_E.pth
  🗑️ [DELETING] FedAvg_uniformfair/round_40/merged_A.pth
  🗑️ [DELETING] FedAvg_uniformfair/round_40/merged_B.pth
  🗑️ [DELETING] FedAvg_uniformfair/round_40/merged_C.pth
  🗑️ [DELETING] FedAvg_uniformfair/round_40/merged_D.pth
  🗑️ [DELETING] FedAvg_uniformfair/round_40/merged_E.pth
📂 Processing FedAvg_uniformfair_40epochs (Rules: Keep epoch_40.pth only)...
📂 Processing FedAvg_uniformfairREAL (Rules: Keep epoch_40.pth only)...
  🗑️ [DELETING] FedAvg_uniformfairREAL/round_1/ModelA/epoch_1.pth
  🗑️ [DELETING] FedAvg_uniformfairREAL/round_1/ModelB/epoch_1.pth
  🗑️ [DELETING] FedAvg_uniformfairREAL/round_1/ModelC/epoch_1.pth
  🗑️ [DELETING] FedAvg_uniformfairREAL/round_1/ModelD/epoch_1.pth
  🗑️ [DELETING] FedAvg_uniformfairREAL/round_1/ModelE/epoch_1.pth
  🗑️ [DELETING] FedAvg_uniformfairREAL/round_1/merged_A.pth
  🗑️ [DELETING] FedAvg_uniformfairREAL/round_1/merged_B.pth
  🗑️ [DELETING] FedAvg_uniformfairREAL/round_1/merged_C.pth
  🗑️ [DELETING] FedAvg_uniformfairREAL/round_1/merged_D.pth
  🗑️ [DELETING] FedAvg_uniformfairREAL/round_1/merged_E.pth
  🗑️ [DELETING] FedAvg_uniformfairREAL/round_2/ModelA/epoch_2.pth
  🗑️ [DELETING] FedAvg_uniformfairREAL/round_2/ModelB/epoch_2.pth
  🗑️ [DELETING] FedAvg_uniformfairREAL/round_2/ModelC/epoch_2.pth
  🗑️ [DELETING] FedAvg_uniformfairREAL/round_2/ModelD/epoch_2.pth
  🗑️ [DELETING] FedAvg_uniformfairREAL/round_2/ModelE/epoch_2.pth
  🗑️ [DELETING] FedAvg_uniformfairREAL/round_2/merged_A.pth
  🗑️ [DELETING] FedAvg_uniformfairREAL/round_2/merged_B.pth
  🗑️ [DELETING] FedAvg_uniformfairREAL/round_2/merged_C.pth
  🗑️ [DELETING] FedAvg_uniformfairREAL/round_2/merged_D.pth
  🗑️ [DELETING] FedAvg_uniformfairREAL/round_2/merged_E.pth
  🗑️ [DELETING] FedAvg_uniformfairREAL/round_3/ModelA/epoch_3.pth
  🗑️ [DELETING] FedAvg_uniformfairREAL/round_3/ModelB/epoch_3.pth
  🗑️ [DELETING] FedAvg_uniformfairREAL/round_3/ModelC/epoch_3.pth
  🗑️ [DELETING] FedAvg_uniformfairREAL/round_3/ModelD/epoch_3.pth
  🗑️ [DELETING] FedAvg_uniformfairREAL/round_3/ModelE/epoch_3.pth
  🗑️ [DELETING] FedAvg_uniformfairREAL/round_3/merged_A.pth
  🗑️ [DELETING] FedAvg_uniformfairREAL/round_3/merged_B.pth
  🗑️ [DELETING] FedAvg_uniformfairREAL/round_3/merged_C.pth
  🗑️ [DELETING] FedAvg_uniformfairREAL/round_3/merged_D.pth
  🗑️ [DELETING] FedAvg_uniformfairREAL/round_3/merged_E.pth
  🗑️ [DELETING] FedAvg_uniformfairREAL/round_4/ModelA/epoch_4.pth
  🗑️ [DELETING] FedAvg_uniformfairREAL/round_4/ModelB/epoch_4.pth
  🗑️ [DELETING] FedAvg_uniformfairREAL/round_4/ModelC/epoch_4.pth
  🗑️ [DELETING] FedAvg_uniformfairREAL/round_4/ModelD/epoch_4.pth
  🗑️ [DELETING] FedAvg_uniformfairREAL/round_4/ModelE/epoch_4.pth
  🗑️ [DELETING] FedAvg_uniformfairREAL/round_4/merged_A.pth
  🗑️ [DELETING] FedAvg_uniformfairREAL/round_4/merged_B.pth
  🗑️ [DELETING] FedAvg_uniformfairREAL/round_4/merged_C.pth
  🗑️ [DELETING] FedAvg_uniformfairREAL/round_4/merged_D.pth
  🗑️ [DELETING] FedAvg_uniformfairREAL/round_4/merged_E.pth
  🗑️ [DELETING] FedAvg_uniformfairREAL/round_5/ModelA/epoch_5.pth
  🗑️ [DELETING] FedAvg_uniformfairREAL/round_5/ModelB/epoch_5.pth
  🗑️ [DELETING] FedAvg_uniformfairREAL/round_5/ModelC/epoch_5.pth
  🗑️ [DELETING] FedAvg_uniformfairREAL/round_5/ModelD/epoch_5.pth
  🗑️ [DELETING] FedAvg_uniformfairREAL/round_5/ModelE/epoch_5.pth
  🗑️ [DELETING] FedAvg_uniformfairREAL/round_5/merged_A.pth
  🗑️ [DELETING] FedAvg_uniformfairREAL/round_5/merged_B.pth
  🗑️ [DELETING] FedAvg_uniformfairREAL/round_5/merged_C.pth
  🗑️ [DELETING] FedAvg_uniformfairREAL/round_5/merged_D.pth
  🗑️ [DELETING] FedAvg_uniformfairREAL/round_5/merged_E.pth
  🗑️ [DELETING] FedAvg_uniformfairREAL/round_6/ModelA/epoch_6.pth
  🗑️ [DELETING] FedAvg_uniformfairREAL/round_6/ModelB/epoch_6.pth
  🗑️ [DELETING] FedAvg_uniformfairREAL/round_6/ModelC/epoch_6.pth
  🗑️ [DELETING] FedAvg_uniformfairREAL/round_6/ModelD/epoch_6.pth
  🗑️ [DELETING] FedAvg_uniformfairREAL/round_6/ModelE/epoch_6.pth
  🗑️ [DELETING] FedAvg_uniformfairREAL/round_6/merged_A.pth
  🗑️ [DELETING] FedAvg_uniformfairREAL/round_6/merged_B.pth
  🗑️ [DELETING] FedAvg_uniformfairREAL/round_6/merged_C.pth
  🗑️ [DELETING] FedAvg_uniformfairREAL/round_6/merged_D.pth
  🗑️ [DELETING] FedAvg_uniformfairREAL/round_6/merged_E.pth
  🗑️ [DELETING] FedAvg_uniformfairREAL/round_7/ModelA/epoch_7.pth
  🗑️ [DELETING] FedAvg_uniformfairREAL/round_7/ModelB/epoch_7.pth
  🗑️ [DELETING] FedAvg_uniformfairREAL/round_7/ModelC/epoch_7.pth
  🗑️ [DELETING] FedAvg_uniformfairREAL/round_7/ModelD/epoch_7.pth
  🗑️ [DELETING] FedAvg_uniformfairREAL/round_7/ModelE/epoch_7.pth
  🗑️ [DELETING] FedAvg_uniformfairREAL/round_7/merged_A.pth
  🗑️ [DELETING] FedAvg_uniformfairREAL/round_7/merged_B.pth
  🗑️ [DELETING] FedAvg_uniformfairREAL/round_7/merged_C.pth
  🗑️ [DELETING] FedAvg_uniformfairREAL/round_7/merged_D.pth
  🗑️ [DELETING] FedAvg_uniformfairREAL/round_7/merged_E.pth
  🗑️ [DELETING] FedAvg_uniformfairREAL/round_8/ModelA/epoch_8.pth
  🗑️ [DELETING] FedAvg_uniformfairREAL/round_8/ModelB/epoch_8.pth
  🗑️ [DELETING] FedAvg_uniformfairREAL/round_8/ModelC/epoch_8.pth
  🗑️ [DELETING] FedAvg_uniformfairREAL/round_8/ModelD/epoch_8.pth
  🗑️ [DELETING] FedAvg_uniformfairREAL/round_8/ModelE/epoch_8.pth
  🗑️ [DELETING] FedAvg_uniformfairREAL/round_8/merged_A.pth
  🗑️ [DELETING] FedAvg_uniformfairREAL/round_8/merged_B.pth
  🗑️ [DELETING] FedAvg_uniformfairREAL/round_8/merged_C.pth
  🗑️ [DELETING] FedAvg_uniformfairREAL/round_8/merged_D.pth
  🗑️ [DELETING] FedAvg_uniformfairREAL/round_8/merged_E.pth
  🗑️ [DELETING] FedAvg_uniformfairREAL/round_9/ModelA/epoch_9.pth
  🗑️ [DELETING] FedAvg_uniformfairREAL/round_9/ModelB/epoch_9.pth
  🗑️ [DELETING] FedAvg_uniformfairREAL/round_9/ModelC/epoch_9.pth
  🗑️ [DELETING] FedAvg_uniformfairREAL/round_9/ModelD/epoch_9.pth
  🗑️ [DELETING] FedAvg_uniformfairREAL/round_9/ModelE/epoch_9.pth
  🗑️ [DELETING] FedAvg_uniformfairREAL/round_9/merged_A.pth
  🗑️ [DELETING] FedAvg_uniformfairREAL/round_9/merged_B.pth
  🗑️ [DELETING] FedAvg_uniformfairREAL/round_9/merged_C.pth
  🗑️ [DELETING] FedAvg_uniformfairREAL/round_9/merged_D.pth
  🗑️ [DELETING] FedAvg_uniformfairREAL/round_9/merged_E.pth
  🗑️ [DELETING] FedAvg_uniformfairREAL/round_10/ModelA/epoch_10.pth
  🗑️ [DELETING] FedAvg_uniformfairREAL/round_10/ModelB/epoch_10.pth
  🗑️ [DELETING] FedAvg_uniformfairREAL/round_10/ModelC/epoch_10.pth
  🗑️ [DELETING] FedAvg_uniformfairREAL/round_10/ModelD/epoch_10.pth
  🗑️ [DELETING] FedAvg_uniformfairREAL/round_10/ModelE/epoch_10.pth
  🗑️ [DELETING] FedAvg_uniformfairREAL/round_10/merged_A.pth
  🗑️ [DELETING] FedAvg_uniformfairREAL/round_10/merged_B.pth
  🗑️ [DELETING] FedAvg_uniformfairREAL/round_10/merged_C.pth
  🗑️ [DELETING] FedAvg_uniformfairREAL/round_10/merged_D.pth
  🗑️ [DELETING] FedAvg_uniformfairREAL/round_10/merged_E.pth
  🗑️ [DELETING] FedAvg_uniformfairREAL/round_11/ModelA/epoch_11.pth
  🗑️ [DELETING] FedAvg_uniformfairREAL/round_11/ModelB/epoch_11.pth
  🗑️ [DELETING] FedAvg_uniformfairREAL/round_11/ModelC/epoch_11.pth
  🗑️ [DELETING] FedAvg_uniformfairREAL/round_11/ModelD/epoch_11.pth
  🗑️ [DELETING] FedAvg_uniformfairREAL/round_11/ModelE/epoch_11.pth
  🗑️ [DELETING] FedAvg_uniformfairREAL/round_11/merged_A.pth
  🗑️ [DELETING] FedAvg_uniformfairREAL/round_11/merged_B.pth
  🗑️ [DELETING] FedAvg_uniformfairREAL/round_11/merged_C.pth
  🗑️ [DELETING] FedAvg_uniformfairREAL/round_11/merged_D.pth
  🗑️ [DELETING] FedAvg_uniformfairREAL/round_11/merged_E.pth
  🗑️ [DELETING] FedAvg_uniformfairREAL/round_12/ModelA/epoch_12.pth
  🗑️ [DELETING] FedAvg_uniformfairREAL/round_12/ModelB/epoch_12.pth
  🗑️ [DELETING] FedAvg_uniformfairREAL/round_12/ModelC/epoch_12.pth
  🗑️ [DELETING] FedAvg_uniformfairREAL/round_12/ModelD/epoch_12.pth
  🗑️ [DELETING] FedAvg_uniformfairREAL/round_12/ModelE/epoch_12.pth
  🗑️ [DELETING] FedAvg_uniformfairREAL/round_12/merged_A.pth
  🗑️ [DELETING] FedAvg_uniformfairREAL/round_12/merged_B.pth
  🗑️ [DELETING] FedAvg_uniformfairREAL/round_12/merged_C.pth
  🗑️ [DELETING] FedAvg_uniformfairREAL/round_12/merged_D.pth
  🗑️ [DELETING] FedAvg_uniformfairREAL/round_12/merged_E.pth
  🗑️ [DELETING] FedAvg_uniformfairREAL/round_13/ModelA/epoch_13.pth
  🗑️ [DELETING] FedAvg_uniformfairREAL/round_13/ModelB/epoch_13.pth
  🗑️ [DELETING] FedAvg_uniformfairREAL/round_13/ModelC/epoch_13.pth
  🗑️ [DELETING] FedAvg_uniformfairREAL/round_13/ModelD/epoch_13.pth
  🗑️ [DELETING] FedAvg_uniformfairREAL/round_13/ModelE/epoch_13.pth
  🗑️ [DELETING] FedAvg_uniformfairREAL/round_13/merged_A.pth
  🗑️ [DELETING] FedAvg_uniformfairREAL/round_13/merged_B.pth
  🗑️ [DELETING] FedAvg_uniformfairREAL/round_13/merged_C.pth
  🗑️ [DELETING] FedAvg_uniformfairREAL/round_13/merged_D.pth
  🗑️ [DELETING] FedAvg_uniformfairREAL/round_13/merged_E.pth
  🗑️ [DELETING] FedAvg_uniformfairREAL/round_14/ModelA/epoch_14.pth
  🗑️ [DELETING] FedAvg_uniformfairREAL/round_14/ModelB/epoch_14.pth
  🗑️ [DELETING] FedAvg_uniformfairREAL/round_14/ModelC/epoch_14.pth
  🗑️ [DELETING] FedAvg_uniformfairREAL/round_14/ModelD/epoch_14.pth
  🗑️ [DELETING] FedAvg_uniformfairREAL/round_14/ModelE/epoch_14.pth
  🗑️ [DELETING] FedAvg_uniformfairREAL/round_14/merged_A.pth
  🗑️ [DELETING] FedAvg_uniformfairREAL/round_14/merged_B.pth
  🗑️ [DELETING] FedAvg_uniformfairREAL/round_14/merged_C.pth
  🗑️ [DELETING] FedAvg_uniformfairREAL/round_14/merged_D.pth
  🗑️ [DELETING] FedAvg_uniformfairREAL/round_14/merged_E.pth
  🗑️ [DELETING] FedAvg_uniformfairREAL/round_15/ModelA/epoch_15.pth
📂 Processing FedAvg_uni_unfair_40epochs (Rules: Keep epoch_40.pth only)...
📂 Processing FedBN_full_40epochs (Rules: Keep epoch_40.pth only)...
  🗑️ [DELETING] FedBN_full_40epochs/round_38/ModelA/epoch_38.pth
  🗑️ [DELETING] FedBN_full_40epochs/round_38/ModelB/epoch_38.pth
  🗑️ [DELETING] FedBN_full_40epochs/round_38/ModelC/epoch_38.pth
  🗑️ [DELETING] FedBN_full_40epochs/round_38/ModelD/epoch_38.pth
  🗑️ [DELETING] FedBN_full_40epochs/round_38/ModelE/epoch_38.pth
  🗑️ [DELETING] FedBN_full_40epochs/round_38/merged_A.pth
  🗑️ [DELETING] FedBN_full_40epochs/round_38/merged_B.pth
  🗑️ [DELETING] FedBN_full_40epochs/round_38/merged_C.pth
  🗑️ [DELETING] FedBN_full_40epochs/round_38/merged_D.pth
  🗑️ [DELETING] FedBN_full_40epochs/round_38/merged_E.pth
  🗑️ [DELETING] FedBN_full_40epochs/round_37/ModelA/epoch_37.pth
  🗑️ [DELETING] FedBN_full_40epochs/round_37/ModelB/epoch_37.pth
  🗑️ [DELETING] FedBN_full_40epochs/round_37/ModelC/epoch_37.pth
  🗑️ [DELETING] FedBN_full_40epochs/round_37/ModelD/epoch_37.pth
  🗑️ [DELETING] FedBN_full_40epochs/round_37/ModelE/epoch_37.pth
  🗑️ [DELETING] FedBN_full_40epochs/round_37/merged_A.pth
  🗑️ [DELETING] FedBN_full_40epochs/round_37/merged_B.pth
  🗑️ [DELETING] FedBN_full_40epochs/round_37/merged_C.pth
  🗑️ [DELETING] FedBN_full_40epochs/round_37/merged_D.pth
  🗑️ [DELETING] FedBN_full_40epochs/round_37/merged_E.pth
  🗑️ [DELETING] FedBN_full_40epochs/round_39/ModelA/epoch_39.pth
  🗑️ [DELETING] FedBN_full_40epochs/round_39/ModelB/epoch_39.pth
  🗑️ [DELETING] FedBN_full_40epochs/round_39/ModelC/epoch_39.pth
  🗑️ [DELETING] FedBN_full_40epochs/round_39/ModelD/epoch_39.pth
  🗑️ [DELETING] FedBN_full_40epochs/round_39/ModelE/epoch_39.pth
  🗑️ [DELETING] FedBN_full_40epochs/round_39/merged_A.pth
  🗑️ [DELETING] FedBN_full_40epochs/round_39/merged_B.pth
  🗑️ [DELETING] FedBN_full_40epochs/round_39/merged_C.pth
  🗑️ [DELETING] FedBN_full_40epochs/round_39/merged_D.pth
  🗑️ [DELETING] FedBN_full_40epochs/round_39/merged_E.pth
  🗑️ [DELETING] FedBN_full_40epochs/round_40/merged_A.pth
  🗑️ [DELETING] FedBN_full_40epochs/round_40/merged_B.pth
  🗑️ [DELETING] FedBN_full_40epochs/round_40/merged_C.pth
  🗑️ [DELETING] FedBN_full_40epochs/round_40/merged_D.pth
  🗑️ [DELETING] FedBN_full_40epochs/round_40/merged_E.pth
📂 Processing FedBN_hfLR_40epochs (Rules: Keep epoch_40.pth only)...
  🗑️ [DELETING] FedBN_hfLR_40epochs/round_1/merged_A.pth
  🗑️ [DELETING] FedBN_hfLR_40epochs/round_1/merged_B.pth
  🗑️ [DELETING] FedBN_hfLR_40epochs/round_1/merged_C.pth
  🗑️ [DELETING] FedBN_hfLR_40epochs/round_1/merged_D.pth
  🗑️ [DELETING] FedBN_hfLR_40epochs/round_1/merged_E.pth
  🗑️ [DELETING] FedBN_hfLR_40epochs/round_2/merged_A.pth
  🗑️ [DELETING] FedBN_hfLR_40epochs/round_2/merged_B.pth
  🗑️ [DELETING] FedBN_hfLR_40epochs/round_2/merged_C.pth
  🗑️ [DELETING] FedBN_hfLR_40epochs/round_2/merged_D.pth
  🗑️ [DELETING] FedBN_hfLR_40epochs/round_2/merged_E.pth
  🗑️ [DELETING] FedBN_hfLR_40epochs/round_3/merged_A.pth
  🗑️ [DELETING] FedBN_hfLR_40epochs/round_3/merged_B.pth
  🗑️ [DELETING] FedBN_hfLR_40epochs/round_3/merged_C.pth
  🗑️ [DELETING] FedBN_hfLR_40epochs/round_3/merged_D.pth
  🗑️ [DELETING] FedBN_hfLR_40epochs/round_3/merged_E.pth
  🗑️ [DELETING] FedBN_hfLR_40epochs/round_4/merged_A.pth
  🗑️ [DELETING] FedBN_hfLR_40epochs/round_4/merged_B.pth
  🗑️ [DELETING] FedBN_hfLR_40epochs/round_4/merged_C.pth
  🗑️ [DELETING] FedBN_hfLR_40epochs/round_4/merged_D.pth
  🗑️ [DELETING] FedBN_hfLR_40epochs/round_4/merged_E.pth
  🗑️ [DELETING] FedBN_hfLR_40epochs/round_5/merged_A.pth
  🗑️ [DELETING] FedBN_hfLR_40epochs/round_5/merged_B.pth
  🗑️ [DELETING] FedBN_hfLR_40epochs/round_5/merged_C.pth
  🗑️ [DELETING] FedBN_hfLR_40epochs/round_5/merged_D.pth
  🗑️ [DELETING] FedBN_hfLR_40epochs/round_5/merged_E.pth
  🗑️ [DELETING] FedBN_hfLR_40epochs/round_6/merged_A.pth
  🗑️ [DELETING] FedBN_hfLR_40epochs/round_6/merged_B.pth
  🗑️ [DELETING] FedBN_hfLR_40epochs/round_6/merged_C.pth
  🗑️ [DELETING] FedBN_hfLR_40epochs/round_6/merged_D.pth
  🗑️ [DELETING] FedBN_hfLR_40epochs/round_6/merged_E.pth
  🗑️ [DELETING] FedBN_hfLR_40epochs/round_7/merged_A.pth
  🗑️ [DELETING] FedBN_hfLR_40epochs/round_7/merged_B.pth
  🗑️ [DELETING] FedBN_hfLR_40epochs/round_7/merged_C.pth
  🗑️ [DELETING] FedBN_hfLR_40epochs/round_7/merged_D.pth
  🗑️ [DELETING] FedBN_hfLR_40epochs/round_7/merged_E.pth
  🗑️ [DELETING] FedBN_hfLR_40epochs/round_8/merged_A.pth
  🗑️ [DELETING] FedBN_hfLR_40epochs/round_8/merged_B.pth
  🗑️ [DELETING] FedBN_hfLR_40epochs/round_8/merged_C.pth
  🗑️ [DELETING] FedBN_hfLR_40epochs/round_8/merged_D.pth
  🗑️ [DELETING] FedBN_hfLR_40epochs/round_8/merged_E.pth
  🗑️ [DELETING] FedBN_hfLR_40epochs/round_9/merged_A.pth
  🗑️ [DELETING] FedBN_hfLR_40epochs/round_9/merged_B.pth
  🗑️ [DELETING] FedBN_hfLR_40epochs/round_9/merged_C.pth
  🗑️ [DELETING] FedBN_hfLR_40epochs/round_9/merged_D.pth
  🗑️ [DELETING] FedBN_hfLR_40epochs/round_9/merged_E.pth
  🗑️ [DELETING] FedBN_hfLR_40epochs/round_10/ModelA/epoch_10.pth
  🗑️ [DELETING] FedBN_hfLR_40epochs/round_10/ModelB/epoch_10.pth
  🗑️ [DELETING] FedBN_hfLR_40epochs/round_10/ModelC/epoch_10.pth
  🗑️ [DELETING] FedBN_hfLR_40epochs/round_10/ModelD/epoch_10.pth
  🗑️ [DELETING] FedBN_hfLR_40epochs/round_10/ModelE/epoch_10.pth
  🗑️ [DELETING] FedBN_hfLR_40epochs/round_10/merged_A.pth
  🗑️ [DELETING] FedBN_hfLR_40epochs/round_10/merged_B.pth
  🗑️ [DELETING] FedBN_hfLR_40epochs/round_10/merged_C.pth
  🗑️ [DELETING] FedBN_hfLR_40epochs/round_10/merged_D.pth
  🗑️ [DELETING] FedBN_hfLR_40epochs/round_10/merged_E.pth
  🗑️ [DELETING] FedBN_hfLR_40epochs/round_11/ModelA/epoch_11.pth
  🗑️ [DELETING] FedBN_hfLR_40epochs/round_11/ModelB/epoch_11.pth
  🗑️ [DELETING] FedBN_hfLR_40epochs/round_11/ModelC/epoch_11.pth
  🗑️ [DELETING] FedBN_hfLR_40epochs/round_11/ModelD/epoch_11.pth
  🗑️ [DELETING] FedBN_hfLR_40epochs/round_11/ModelE/epoch_11.pth
  🗑️ [DELETING] FedBN_hfLR_40epochs/round_11/merged_A.pth
  🗑️ [DELETING] FedBN_hfLR_40epochs/round_11/merged_B.pth
  🗑️ [DELETING] FedBN_hfLR_40epochs/round_11/merged_C.pth
  🗑️ [DELETING] FedBN_hfLR_40epochs/round_11/merged_D.pth
  🗑️ [DELETING] FedBN_hfLR_40epochs/round_11/merged_E.pth
  🗑️ [DELETING] FedBN_hfLR_40epochs/round_12/ModelA/epoch_12.pth
  🗑️ [DELETING] FedBN_hfLR_40epochs/round_12/ModelB/epoch_12.pth
  🗑️ [DELETING] FedBN_hfLR_40epochs/round_12/ModelC/epoch_12.pth
  🗑️ [DELETING] FedBN_hfLR_40epochs/round_12/ModelD/epoch_12.pth
  🗑️ [DELETING] FedBN_hfLR_40epochs/round_12/ModelE/epoch_12.pth
  🗑️ [DELETING] FedBN_hfLR_40epochs/round_12/merged_A.pth
  🗑️ [DELETING] FedBN_hfLR_40epochs/round_12/merged_B.pth
  🗑️ [DELETING] FedBN_hfLR_40epochs/round_12/merged_C.pth
  🗑️ [DELETING] FedBN_hfLR_40epochs/round_12/merged_D.pth
  🗑️ [DELETING] FedBN_hfLR_40epochs/round_12/merged_E.pth
  🗑️ [DELETING] FedBN_hfLR_40epochs/round_13/ModelA/epoch_13.pth
  🗑️ [DELETING] FedBN_hfLR_40epochs/round_13/ModelB/epoch_13.pth
  🗑️ [DELETING] FedBN_hfLR_40epochs/round_13/ModelC/epoch_13.pth
  🗑️ [DELETING] FedBN_hfLR_40epochs/round_13/ModelD/epoch_13.pth
  🗑️ [DELETING] FedBN_hfLR_40epochs/round_13/ModelE/epoch_13.pth
  🗑️ [DELETING] FedBN_hfLR_40epochs/round_13/merged_A.pth
  🗑️ [DELETING] FedBN_hfLR_40epochs/round_13/merged_B.pth
  🗑️ [DELETING] FedBN_hfLR_40epochs/round_13/merged_C.pth
  🗑️ [DELETING] FedBN_hfLR_40epochs/round_13/merged_D.pth
  🗑️ [DELETING] FedBN_hfLR_40epochs/round_13/merged_E.pth
  🗑️ [DELETING] FedBN_hfLR_40epochs/round_14/ModelA/epoch_14.pth
  🗑️ [DELETING] FedBN_hfLR_40epochs/round_14/ModelB/epoch_14.pth
  🗑️ [DELETING] FedBN_hfLR_40epochs/round_14/ModelC/epoch_14.pth
  🗑️ [DELETING] FedBN_hfLR_40epochs/round_14/ModelD/epoch_14.pth
  🗑️ [DELETING] FedBN_hfLR_40epochs/round_14/ModelE/epoch_14.pth
  🗑️ [DELETING] FedBN_hfLR_40epochs/round_14/merged_A.pth
  🗑️ [DELETING] FedBN_hfLR_40epochs/round_14/merged_B.pth
  🗑️ [DELETING] FedBN_hfLR_40epochs/round_14/merged_C.pth
  🗑️ [DELETING] FedBN_hfLR_40epochs/round_14/merged_D.pth
  🗑️ [DELETING] FedBN_hfLR_40epochs/round_14/merged_E.pth
  🗑️ [DELETING] FedBN_hfLR_40epochs/round_15/ModelA/epoch_15.pth
  🗑️ [DELETING] FedBN_hfLR_40epochs/round_15/ModelB/epoch_15.pth
  🗑️ [DELETING] FedBN_hfLR_40epochs/round_15/ModelC/epoch_15.pth
  🗑️ [DELETING] FedBN_hfLR_40epochs/round_15/ModelD/epoch_15.pth
  🗑️ [DELETING] FedBN_hfLR_40epochs/round_15/ModelE/epoch_15.pth
  🗑️ [DELETING] FedBN_hfLR_40epochs/round_15/merged_A.pth
  🗑️ [DELETING] FedBN_hfLR_40epochs/round_15/merged_B.pth
  🗑️ [DELETING] FedBN_hfLR_40epochs/round_15/merged_C.pth
  🗑️ [DELETING] FedBN_hfLR_40epochs/round_15/merged_D.pth
  🗑️ [DELETING] FedBN_hfLR_40epochs/round_15/merged_E.pth
  🗑️ [DELETING] FedBN_hfLR_40epochs/round_16/ModelA/epoch_16.pth
  🗑️ [DELETING] FedBN_hfLR_40epochs/round_16/ModelB/epoch_16.pth
  🗑️ [DELETING] FedBN_hfLR_40epochs/round_16/ModelC/epoch_16.pth
  🗑️ [DELETING] FedBN_hfLR_40epochs/round_16/ModelD/epoch_16.pth
  🗑️ [DELETING] FedBN_hfLR_40epochs/round_16/ModelE/epoch_16.pth
  🗑️ [DELETING] FedBN_hfLR_40epochs/round_16/merged_A.pth
  🗑️ [DELETING] FedBN_hfLR_40epochs/round_16/merged_B.pth
  🗑️ [DELETING] FedBN_hfLR_40epochs/round_16/merged_C.pth
  🗑️ [DELETING] FedBN_hfLR_40epochs/round_16/merged_D.pth
  🗑️ [DELETING] FedBN_hfLR_40epochs/round_16/merged_E.pth
  🗑️ [DELETING] FedBN_hfLR_40epochs/round_17/ModelA/epoch_17.pth
  🗑️ [DELETING] FedBN_hfLR_40epochs/round_17/ModelB/epoch_17.pth
  🗑️ [DELETING] FedBN_hfLR_40epochs/round_17/ModelC/epoch_17.pth
  🗑️ [DELETING] FedBN_hfLR_40epochs/round_17/ModelD/epoch_17.pth
  🗑️ [DELETING] FedBN_hfLR_40epochs/round_17/ModelE/epoch_17.pth
  🗑️ [DELETING] FedBN_hfLR_40epochs/round_17/merged_A.pth
  🗑️ [DELETING] FedBN_hfLR_40epochs/round_17/merged_B.pth
  🗑️ [DELETING] FedBN_hfLR_40epochs/round_17/merged_C.pth
  🗑️ [DELETING] FedBN_hfLR_40epochs/round_17/merged_D.pth
  🗑️ [DELETING] FedBN_hfLR_40epochs/round_17/merged_E.pth
  🗑️ [DELETING] FedBN_hfLR_40epochs/round_18/ModelA/epoch_18.pth
  🗑️ [DELETING] FedBN_hfLR_40epochs/round_18/ModelB/epoch_18.pth
  🗑️ [DELETING] FedBN_hfLR_40epochs/round_18/ModelC/epoch_18.pth
  🗑️ [DELETING] FedBN_hfLR_40epochs/round_18/ModelD/epoch_18.pth
  🗑️ [DELETING] FedBN_hfLR_40epochs/round_18/ModelE/epoch_18.pth
  🗑️ [DELETING] FedBN_hfLR_40epochs/round_18/merged_A.pth
  🗑️ [DELETING] FedBN_hfLR_40epochs/round_18/merged_B.pth
  🗑️ [DELETING] FedBN_hfLR_40epochs/round_18/merged_C.pth
  🗑️ [DELETING] FedBN_hfLR_40epochs/round_18/merged_D.pth
  🗑️ [DELETING] FedBN_hfLR_40epochs/round_18/merged_E.pth
  🗑️ [DELETING] FedBN_hfLR_40epochs/round_19/ModelA/epoch_19.pth
  🗑️ [DELETING] FedBN_hfLR_40epochs/round_19/ModelB/epoch_19.pth
  🗑️ [DELETING] FedBN_hfLR_40epochs/round_19/ModelC/epoch_19.pth
  🗑️ [DELETING] FedBN_hfLR_40epochs/round_19/ModelD/epoch_19.pth
  🗑️ [DELETING] FedBN_hfLR_40epochs/round_19/ModelE/epoch_19.pth
  🗑️ [DELETING] FedBN_hfLR_40epochs/round_19/merged_A.pth
  🗑️ [DELETING] FedBN_hfLR_40epochs/round_19/merged_B.pth
  🗑️ [DELETING] FedBN_hfLR_40epochs/round_19/merged_C.pth
  🗑️ [DELETING] FedBN_hfLR_40epochs/round_19/merged_D.pth
  🗑️ [DELETING] FedBN_hfLR_40epochs/round_19/merged_E.pth
  🗑️ [DELETING] FedBN_hfLR_40epochs/round_20/ModelA/epoch_20.pth
  🗑️ [DELETING] FedBN_hfLR_40epochs/round_20/ModelB/epoch_20.pth
  🗑️ [DELETING] FedBN_hfLR_40epochs/round_20/ModelC/epoch_20.pth
  🗑️ [DELETING] FedBN_hfLR_40epochs/round_20/ModelD/epoch_20.pth
  🗑️ [DELETING] FedBN_hfLR_40epochs/round_20/ModelE/epoch_20.pth
  🗑️ [DELETING] FedBN_hfLR_40epochs/round_20/merged_A.pth
  🗑️ [DELETING] FedBN_hfLR_40epochs/round_20/merged_B.pth
  🗑️ [DELETING] FedBN_hfLR_40epochs/round_20/merged_C.pth
  🗑️ [DELETING] FedBN_hfLR_40epochs/round_20/merged_D.pth
  🗑️ [DELETING] FedBN_hfLR_40epochs/round_20/merged_E.pth
  🗑️ [DELETING] FedBN_hfLR_40epochs/round_21/ModelA/epoch_21.pth
  🗑️ [DELETING] FedBN_hfLR_40epochs/round_21/ModelB/epoch_21.pth
  🗑️ [DELETING] FedBN_hfLR_40epochs/round_21/ModelC/epoch_21.pth
  🗑️ [DELETING] FedBN_hfLR_40epochs/round_21/ModelD/epoch_21.pth
  🗑️ [DELETING] FedBN_hfLR_40epochs/round_21/ModelE/epoch_21.pth
  🗑️ [DELETING] FedBN_hfLR_40epochs/round_21/merged_A.pth
  🗑️ [DELETING] FedBN_hfLR_40epochs/round_21/merged_B.pth
  🗑️ [DELETING] FedBN_hfLR_40epochs/round_21/merged_C.pth
  🗑️ [DELETING] FedBN_hfLR_40epochs/round_21/merged_D.pth
  🗑️ [DELETING] FedBN_hfLR_40epochs/round_21/merged_E.pth
  🗑️ [DELETING] FedBN_hfLR_40epochs/round_22/ModelA/epoch_22.pth
  🗑️ [DELETING] FedBN_hfLR_40epochs/round_22/ModelB/epoch_22.pth
  🗑️ [DELETING] FedBN_hfLR_40epochs/round_22/ModelC/epoch_22.pth
  🗑️ [DELETING] FedBN_hfLR_40epochs/round_22/ModelD/epoch_22.pth
  🗑️ [DELETING] FedBN_hfLR_40epochs/round_22/ModelE/epoch_22.pth
  🗑️ [DELETING] FedBN_hfLR_40epochs/round_22/merged_A.pth
  🗑️ [DELETING] FedBN_hfLR_40epochs/round_22/merged_B.pth
  🗑️ [DELETING] FedBN_hfLR_40epochs/round_22/merged_C.pth
  🗑️ [DELETING] FedBN_hfLR_40epochs/round_22/merged_D.pth
  🗑️ [DELETING] FedBN_hfLR_40epochs/round_22/merged_E.pth
  🗑️ [DELETING] FedBN_hfLR_40epochs/round_23/ModelA/epoch_23.pth
  🗑️ [DELETING] FedBN_hfLR_40epochs/round_23/ModelB/epoch_23.pth
  🗑️ [DELETING] FedBN_hfLR_40epochs/round_23/ModelC/epoch_23.pth
  🗑️ [DELETING] FedBN_hfLR_40epochs/round_23/ModelD/epoch_23.pth
  🗑️ [DELETING] FedBN_hfLR_40epochs/round_23/ModelE/epoch_23.pth
  🗑️ [DELETING] FedBN_hfLR_40epochs/round_23/merged_A.pth
  🗑️ [DELETING] FedBN_hfLR_40epochs/round_23/merged_B.pth
  🗑️ [DELETING] FedBN_hfLR_40epochs/round_23/merged_C.pth
  🗑️ [DELETING] FedBN_hfLR_40epochs/round_23/merged_D.pth
slurmstepd: error: *** JOB 12465738 ON 3dgi1 CANCELLED AT 2026-04-28T12:17:00 DUE TO TIME LIMIT ***
